Archive member included to satisfy reference by file (symbol)

app/libapp.a(main.c.obj)      (--whole-archive)
app/libapp.a(color_math.c.obj)
                              (--whole-archive)
zephyr/libzephyr.a(validate_libc.c.obj)
                              (--whole-archive)
zephyr/libzephyr.a(heap.c.obj)
                              (--whole-archive)
zephyr/libzephyr.a(cbprintf_packaged.c.obj)
                              (--whole-archive)
zephyr/libzephyr.a(clock.c.obj)
                              (--whole-archive)
zephyr/libzephyr.a(printk.c.obj)
                              (--whole-archive)
zephyr/libzephyr.a(sem.c.obj)
                              (--whole-archive)
zephyr/libzephyr.a(thread_entry.c.obj)
                              (--whole-archive)
zephyr/libzephyr.a(cbprintf_complete.c.obj)
                              (--whole-archive)
zephyr/libzephyr.a(cbprintf.c.obj)
                              (--whole-archive)
zephyr/libzephyr.a(assert.c.obj)
                              (--whole-archive)
zephyr/libzephyr.a(dec.c.obj)
                              (--whole-archive)
zephyr/libzephyr.a(hex.c.obj)
                              (--whole-archive)
zephyr/libzephyr.a(rb.c.obj)  (--whole-archive)
zephyr/libzephyr.a(timeutil.c.obj)
                              (--whole-archive)
zephyr/libzephyr.a(bitarray.c.obj)
                              (--whole-archive)
zephyr/libzephyr.a(bitmask.c.obj)
                              (--whole-archive)
zephyr/libzephyr.a(ring_buffer.c.obj)
                              (--whole-archive)
zephyr/libzephyr.a(configs.c.obj)
                              (--whole-archive)
zephyr/libzephyr.a(log_core.c.obj)
                              (--whole-archive)
zephyr/libzephyr.a(log_mgmt.c.obj)
                              (--whole-archive)
zephyr/libzephyr.a(log_cache.c.obj)
                              (--whole-archive)
zephyr/libzephyr.a(log_msg.c.obj)
                              (--whole-archive)
zephyr/libzephyr.a(log_output.c.obj)
                              (--whole-archive)
zephyr/libzephyr.a(log_backend_native_posix.c.obj)
                              (--whole-archive)
zephyr/libzephyr.a(tracing_none.c.obj)
                              (--whole-archive)
zephyr/arch/common/libarch__common.a(init.c.obj)
                              (--whole-archive)
zephyr/arch/arch/posix/core/libarch__posix__core.a(cpuhalt.c.obj)
                              (--whole-archive)
zephyr/arch/arch/posix/core/libarch__posix__core.a(fatal.c.obj)
                              (--whole-archive)
zephyr/arch/arch/posix/core/libarch__posix__core.a(irq.c.obj)
                              (--whole-archive)
zephyr/arch/arch/posix/core/libarch__posix__core.a(swap.c.obj)
                              (--whole-archive)
zephyr/arch/arch/posix/core/libarch__posix__core.a(thread.c.obj)
                              (--whole-archive)
zephyr/arch/arch/posix/core/libarch__posix__core.a(posix_core_nsi.c.obj)
                              (--whole-archive)
zephyr/soc/soc/native/libsoc__native__inf_clock.a(soc.c.obj)
                              (--whole-archive)
zephyr/soc/soc/native/libsoc__native__inf_clock.a(native_tasks.c.obj)
                              (--whole-archive)
zephyr/soc/soc/native/libsoc__native__inf_clock.a(native_remap.c.obj)
                              (--whole-archive)
zephyr/boards/native/native_sim/libboards__native__native_sim.a(cmdline.c.obj)
                              (--whole-archive)
zephyr/boards/native/native_sim/libboards__native__native_sim.a(cpu_wait.c.obj)
                              (--whole-archive)
zephyr/boards/native/native_sim/libboards__native__native_sim.a(nsi_if.c.obj)
                              (--whole-archive)
zephyr/boards/native/native_sim/libboards__native__native_sim.a(irq_handler.c.obj)
                              (--whole-archive)
zephyr/boards/native/native_sim/libboards__native__native_sim.a(misc.c.obj)
                              (--whole-archive)
zephyr/boards/native/native_sim/libboards__native__native_sim.a(posix_arch_if.c.obj)
                              (--whole-archive)
zephyr/subsys/testsuite/ztest/libsubsys__testsuite__ztest.a(ztest.c.obj)
                              (--whole-archive)
zephyr/subsys/testsuite/ztest/libsubsys__testsuite__ztest.a(ztest_error_hook.c.obj)
                              (--whole-archive)
zephyr/subsys/testsuite/ztest/libsubsys__testsuite__ztest.a(ztest_rules.c.obj)
                              (--whole-archive)
zephyr/subsys/testsuite/ztest/libsubsys__testsuite__ztest.a(ztest_posix.c.obj)
                              (--whole-archive)
zephyr/drivers/console/libdrivers__console.a(posix_arch_console.c.obj)
                              (--whole-archive)
zephyr/drivers/timer/libdrivers__timer.a(sys_clock_init.c.obj)
                              (--whole-archive)
zephyr/drivers/timer/libdrivers__timer.a(native_sim_timer.c.obj)
                              (--whole-archive)
[...]
Memory Configuration

Name             Origin             Length             Attributes
*default*        0x0000000000000000 0xffffffffffffffff

Linker script and memory map


.interp
 *(SORT_BY_ALIGNMENT(.interp))

.note.gnu.property
                0x0000000000000000       0x20
 .note.gnu.property
                0x0000000000000000       0x20 zephyr/CMakeFiles/zephyr_pre0.dir/misc/empty_file.c.obj

.note.gnu.build-id
 *(SORT_BY_ALIGNMENT(.note.gnu.build-id))

.hash
 *(SORT_BY_ALIGNMENT(.hash))

.gnu.hash
 *(SORT_BY_ALIGNMENT(.gnu.hash))

.dynsym
 *(SORT_BY_ALIGNMENT(.dynsym))

.dynstr
 *(SORT_BY_ALIGNMENT(.dynstr))

.gnu.version
 *(SORT_BY_ALIGNMENT(.gnu.version))

.gnu.version_d
 *(SORT_BY_ALIGNMENT(.gnu.version_d))

.gnu.version_r
 *(SORT_BY_ALIGNMENT(.gnu.version_r))

.rela.init
 *(SORT_BY_ALIGNMENT(.rela.init))

.rela.text
 *(SORT_BY_ALIGNMENT(.rela.text))

.rela.fini
 *(SORT_BY_ALIGNMENT(.rela.fini))

.rela.rodata
 *(SORT_BY_ALIGNMENT(.rela.rodata))

.rela.data.rel.ro
 *(SORT_BY_ALIGNMENT(.rela.data.rel.ro))

.rela.data
 *(SORT_BY_ALIGNMENT(.rela.data))

.rela.tdata
 *(SORT_BY_ALIGNMENT(.rela.tdata))

.rela.tbss
 *(SORT_BY_ALIGNMENT(.rela.tbss))

.rela.ctors
 *(SORT_BY_ALIGNMENT(.rela.ctors))

.rela.dtors
 *(SORT_BY_ALIGNMENT(.rela.dtors))

.rela.got
 *(SORT_BY_ALIGNMENT(.rela.got))

.rela.bss
 *(SORT_BY_ALIGNMENT(.rela.bss))

.rela.ldata
 *(SORT_BY_ALIGNMENT(.rela.ldata))

.rela.lbss
 *(SORT_BY_ALIGNMENT(.rela.lbss))

.rela.lrodata
 *(SORT_BY_ALIGNMENT(.rela.lrodata))

.rela.ifunc
 *(SORT_BY_ALIGNMENT(.rela.ifunc))

.rela.plt
 *(SORT_BY_ALIGNMENT(.rela.plt))

.relr.dyn
 *(SORT_BY_ALIGNMENT(.relr.dyn))

.init
 *(SORT_NONE(.init))

.plt
 *(SORT_BY_ALIGNMENT(.plt))

.plt.got
 *(SORT_BY_ALIGNMENT(.plt.got))

.plt.sec
 *(SORT_BY_ALIGNMENT(.plt.sec))

.text
 *(SORT_BY_ALIGNMENT(.text) SORT_BY_ALIGNMENT(.stub))
 *(SORT_BY_ALIGNMENT(.gnu.warning))

.text._OffsetAbsSyms
                0x0000000000000000        0x5
 .text._OffsetAbsSyms
                0x0000000000000000        0x5 zephyr/CMakeFiles/offsets.dir/./arch/posix/core/offsets/offsets.c.obj
                0x0000000000000000                _OffsetAbsSyms

.text.z_zassert.constprop.0
                0x0000000000000000      0x101
 .text.z_zassert.constprop.0
                0x0000000000000000      0x101 app/libapp.a(main.c.obj)

.text._color_math_test_ct_to_rgb_warm_vs_cool_wrapper
                0x0000000000000000      0x13c
 .text._color_math_test_ct_to_rgb_warm_vs_cool_wrapper
                0x0000000000000000      0x13c app/libapp.a(main.c.obj)

.text._color_math_test_xy_degenerate_y_zero_wrapper
                0x0000000000000000       0xc0
 .text._color_math_test_xy_degenerate_y_zero_wrapper
                0x0000000000000000       0xc0 app/libapp.a(main.c.obj)

.text._color_math_test_xy_known_points_wrapper
                0x0000000000000000      0x1e5
 .text._color_math_test_xy_known_points_wrapper
                0x0000000000000000      0x1e5 app/libapp.a(main.c.obj)

.text._color_math_test_hsv_zero_saturation_is_white_wrapper
                0x0000000000000000       0xbf
 .text._color_math_test_hsv_zero_saturation_is_white_wrapper
                0x0000000000000000       0xbf app/libapp.a(main.c.obj)

.text._color_math_test_hsv_primaries_wrapper
                0x0000000000000000      0x1f0
 .text._color_math_test_hsv_primaries_wrapper
                0x0000000000000000      0x1f0 app/libapp.a(main.c.obj)

.text._color_math_test_ct_mix_sums_to_one_wrapper
                0x0000000000000000       0xaf
 .text._color_math_test_ct_mix_sums_to_one_wrapper
                0x0000000000000000       0xaf app/libapp.a(main.c.obj)

.text._color_math_test_ct_mix_clamps_out_of_range_wrapper
                0x0000000000000000      0x109
 .text._color_math_test_ct_mix_clamps_out_of_range_wrapper
                0x0000000000000000      0x109 app/libapp.a(main.c.obj)

.text._color_math_test_ct_mix_endpoints_wrapper
                0x0000000000000000      0x195
 .text._color_math_test_ct_mix_endpoints_wrapper
                0x0000000000000000      0x195 app/libapp.a(main.c.obj)

.text._color_math_test_cie1931_perceptual_midpoint_wrapper
                0x0000000000000000       0x56
 .text._color_math_test_cie1931_perceptual_midpoint_wrapper
                0x0000000000000000       0x56 app/libapp.a(main.c.obj)

.text._color_math_test_cie1931_monotonic_wrapper
                0x0000000000000000       0xce
 .text._color_math_test_cie1931_monotonic_wrapper
                0x0000000000000000       0xce app/libapp.a(main.c.obj)

.text._color_math_test_cie1931_endpoints_wrapper
                0x0000000000000000       0xa3
 .text._color_math_test_cie1931_endpoints_wrapper
                0x0000000000000000       0xa3 app/libapp.a(main.c.obj)

.text.srgb_gamma
                0x0000000000000000       0x36
 .text.srgb_gamma
                0x0000000000000000       0x36 app/libapp.a(color_math.c.obj)

.text.cm_cie1931_brightness
                0x0000000000000000       0x59
 .text.cm_cie1931_brightness
                0x0000000000000000       0x59 app/libapp.a(color_math.c.obj)
                0x0000000000000000                cm_cie1931_brightness

.text.cm_ct_mix
                0x0000000000000000       0x49
 .text.cm_ct_mix
                0x0000000000000000       0x49 app/libapp.a(color_math.c.obj)
                0x0000000000000000                cm_ct_mix

.text.cm_hsv_to_rgb
                0x0000000000000000       0xcf
 .text.cm_hsv_to_rgb
                0x0000000000000000       0xcf app/libapp.a(color_math.c.obj)
                0x0000000000000000                cm_hsv_to_rgb

.text.cm_xy_to_rgb
                0x0000000000000000      0x223
 .text.cm_xy_to_rgb
                0x0000000000000000      0x223 app/libapp.a(color_math.c.obj)
                0x0000000000000000                cm_xy_to_rgb

.text.cm_ct_to_rgb
                0x0000000000000000      0x1af
 .text.cm_ct_to_rgb
                0x0000000000000000      0x1af app/libapp.a(color_math.c.obj)
                0x0000000000000000                cm_ct_to_rgb

.text.cbvprintf_package
                0x0000000000000000      0x6e7
 .text.cbvprintf_package
                0x0000000000000000      0x6e7 zephyr/libzephyr.a(cbprintf_packaged.c.obj)
                0x0000000000000000                cbvprintf_package

.text.cbpprintf_external
                0x0000000000000000       0xdb
 .text.cbpprintf_external
                0x0000000000000000       0xdb zephyr/libzephyr.a(cbprintf_packaged.c.obj)
                0x0000000000000000                cbpprintf_external

.text.clock_offset_reset_rule_after
                0x0000000000000000       0xf9
 .text.clock_offset_reset_rule_after
                0x0000000000000000       0xf9 zephyr/libzephyr.a(clock.c.obj)

.text.arch_printk_char_out
                0x0000000000000000        0x7
 .text.arch_printk_char_out
                0x0000000000000000        0x7 zephyr/libzephyr.a(printk.c.obj)
                0x0000000000000000                arch_printk_char_out

.text.__printk_hook_install
                0x0000000000000000        0xc
 .text.__printk_hook_install
                0x0000000000000000        0xc zephyr/libzephyr.a(printk.c.obj)
                0x0000000000000000                __printk_hook_install

.text.vprintk   0x0000000000000000        0x9
 .text.vprintk  0x0000000000000000        0x9 zephyr/libzephyr.a(printk.c.obj)
                0x0000000000000000                vprintk

.text.printk    0x0000000000000000       0xba
 .text.printk   0x0000000000000000       0xba zephyr/libzephyr.a(printk.c.obj)
                0x0000000000000000                printk

.text.z_thread_entry
                0x0000000000000000       0x9e
 .text.z_thread_entry
                0x0000000000000000       0x9e zephyr/libzephyr.a(thread_entry.c.obj)
                0x0000000000000000                z_thread_entry

.text._get_digit
                0x0000000000000000       0x2b
 .text._get_digit
                0x0000000000000000       0x2b zephyr/libzephyr.a(cbprintf_complete.c.obj)

.text.outs      0x0000000000000000       0x4f
 .text.outs     0x0000000000000000       0x4f zephyr/libzephyr.a(cbprintf_complete.c.obj)

.text.extract_decimal
                0x0000000000000000       0x37
 .text.extract_decimal
                0x0000000000000000       0x37 zephyr/libzephyr.a(cbprintf_complete.c.obj)

.text.encode_uint
                0x0000000000000000       0xab
 .text.encode_uint
                0x0000000000000000       0xab zephyr/libzephyr.a(cbprintf_complete.c.obj)

.text.z_cbvprintf_impl
                0x0000000000000000      0xfc9
 .text.z_cbvprintf_impl
                0x0000000000000000      0xfc9 zephyr/libzephyr.a(cbprintf_complete.c.obj)
                0x0000000000000000                z_cbvprintf_impl

.text.assert_print
                0x0000000000000000       0xba
 .text.assert_print
                0x0000000000000000       0xba zephyr/libzephyr.a(assert.c.obj)
                0x0000000000000000                assert_print

.text.assert_post_action
                0x0000000000000000       0x2c
 .text.assert_post_action
                0x0000000000000000       0x2c zephyr/libzephyr.a(assert.c.obj)
                0x0000000000000000                assert_post_action

.text._ConfigAbsSyms
                0x0000000000000000        0x5
 .text._ConfigAbsSyms
                0x0000000000000000        0x5 zephyr/libzephyr.a(configs.c.obj)
                0x0000000000000000                _ConfigAbsSyms

.text.dummy_timestamp
                0x0000000000000000        0x7
 .text.dummy_timestamp
                0x0000000000000000        0x7 zephyr/libzephyr.a(log_core.c.obj)

.text.default_get_timestamp
                0x0000000000000000        0x9
 .text.default_get_timestamp
                0x0000000000000000        0x9 zephyr/libzephyr.a(log_core.c.obj)

.text.log_backend_is_active
                0x0000000000000000        0x8
 .text.log_backend_is_active
                0x0000000000000000        0x8 zephyr/libzephyr.a(log_core.c.obj)

.text.log_backend_is_ready
                0x0000000000000000       0x11
 .text.log_backend_is_ready
                0x0000000000000000       0x11 zephyr/libzephyr.a(log_core.c.obj)

.text.z_log_init.isra.0
                0x0000000000000000      0x1da
 .text.z_log_init.isra.0
                0x0000000000000000      0x1da zephyr/libzephyr.a(log_core.c.obj)

.text.enable_logger
                0x0000000000000000       0x12
 .text.enable_logger
                0x0000000000000000       0x12 zephyr/libzephyr.a(log_core.c.obj)

.text.log_format_func_t_get
                0x0000000000000000       0x12
 .text.log_format_func_t_get
                0x0000000000000000       0x12 zephyr/libzephyr.a(log_core.c.obj)
                0x0000000000000000                log_format_func_t_get

.text.z_log_vprintk
                0x0000000000000000       0x1f
 .text.z_log_vprintk
                0x0000000000000000       0x1f zephyr/libzephyr.a(log_core.c.obj)
                0x0000000000000000                z_log_vprintk

.text.log_set_timestamp_func
                0x0000000000000000       0x25
 .text.log_set_timestamp_func
                0x0000000000000000       0x25 zephyr/libzephyr.a(log_core.c.obj)
                0x0000000000000000                log_set_timestamp_func

.text.log_core_init
                0x0000000000000000      0x105
 .text.log_core_init
                0x0000000000000000      0x105 zephyr/libzephyr.a(log_core.c.obj)
                0x0000000000000000                log_core_init

.text.z_impl_log_panic
                0x0000000000000000       0xfa
 .text.z_impl_log_panic
                0x0000000000000000       0xfa zephyr/libzephyr.a(log_core.c.obj)
                0x0000000000000000                z_impl_log_panic

.text.z_log_notify_backend_enabled
                0x0000000000000000        0x5
 .text.z_log_notify_backend_enabled
                0x0000000000000000        0x5 zephyr/libzephyr.a(log_core.c.obj)
                0x0000000000000000                z_log_notify_backend_enabled

.text.z_log_dropped
                0x0000000000000000       0x1a
 .text.z_log_dropped
                0x0000000000000000       0x1a zephyr/libzephyr.a(log_core.c.obj)
                0x0000000000000000                z_log_dropped

.text.z_log_msg_commit
                0x0000000000000000       0xe7
 .text.z_log_msg_commit
                0x0000000000000000       0xe7 zephyr/libzephyr.a(log_core.c.obj)
                0x0000000000000000                z_log_msg_commit

.text.z_log_get_tag
                0x0000000000000000        0x7
 .text.z_log_get_tag
                0x0000000000000000        0x7 zephyr/libzephyr.a(log_core.c.obj)
                0x0000000000000000                z_log_get_tag

.text.log_source_name_get
                0x0000000000000000       0x2e
 .text.log_source_name_get
                0x0000000000000000       0x2e zephyr/libzephyr.a(log_mgmt.c.obj)
                0x0000000000000000                log_source_name_get

.text.log_backend_enable
                0x0000000000000000       0x1f
 .text.log_backend_enable
                0x0000000000000000       0x1f zephyr/libzephyr.a(log_mgmt.c.obj)
                0x0000000000000000                log_backend_enable

.text.z_log_msg_finalize
                0x0000000000000000       0x4d
 .text.z_log_msg_finalize
                0x0000000000000000       0x4d zephyr/libzephyr.a(log_msg.c.obj)
                0x0000000000000000                z_log_msg_finalize

.text.z_log_msg_runtime_vcreate
                0x0000000000000000      0x20d
 .text.z_log_msg_runtime_vcreate
                0x0000000000000000      0x20d zephyr/libzephyr.a(log_msg.c.obj)
                0x0000000000000000                z_log_msg_runtime_vcreate

.text.z_log_msg_runtime_create.constprop.0
                0x0000000000000000      0x170
 .text.z_log_msg_runtime_create.constprop.0
                0x0000000000000000       0xb8 zephyr/libzephyr.a(log_msg.c.obj)
 .text.z_log_msg_runtime_create.constprop.0
                0x00000000000000b8       0xb8 zephyr/kernel/libkernel.a(fatal.c.obj)

.text.log_msg_get_source_id
                0x0000000000000000       0x23
 .text.log_msg_get_source_id
                0x0000000000000000       0x23 zephyr/libzephyr.a(log_msg.c.obj)
                0x0000000000000000                log_msg_get_source_id

.text.log_output_write
                0x0000000000000000       0x37
 .text.log_output_write
                0x0000000000000000       0x37 zephyr/libzephyr.a(log_output.c.obj)

.text.out_func  0x0000000000000000       0x50
 .text.out_func
                0x0000000000000000       0x50 zephyr/libzephyr.a(log_output.c.obj)

.text.cr_out_func
                0x0000000000000000       0x33
 .text.cr_out_func
                0x0000000000000000       0x33 zephyr/libzephyr.a(log_output.c.obj)

.text.cbvprintf
                0x0000000000000000        0xc
 .text.cbvprintf
                0x0000000000000000        0xc zephyr/libzephyr.a(log_output.c.obj)

.text.print_formatted
                0x0000000000000000       0xc4
 .text.print_formatted
                0x0000000000000000       0xc4 zephyr/libzephyr.a(log_output.c.obj)

.text.log_output_process
                0x0000000000000000      0x472
 .text.log_output_process
                0x0000000000000000      0x472 zephyr/libzephyr.a(log_output.c.obj)
                0x0000000000000000                log_output_process

.text.log_output_msg_process
                0x0000000000000000       0xa4
 .text.log_output_msg_process
                0x0000000000000000       0xa4 zephyr/libzephyr.a(log_output.c.obj)
                0x0000000000000000                log_output_msg_process

.text.log_output_timestamp_freq_set
                0x0000000000000000       0x3d
 .text.log_output_timestamp_freq_set
                0x0000000000000000       0x3d zephyr/libzephyr.a(log_output.c.obj)
                0x0000000000000000                log_output_timestamp_freq_set

.text.format_set
                0x0000000000000000        0xd
 .text.format_set
                0x0000000000000000        0xd zephyr/libzephyr.a(log_backend_native_posix.c.obj)

.text.char_out  0x0000000000000000       0x86
 .text.char_out
                0x0000000000000000       0x86 zephyr/libzephyr.a(log_backend_native_posix.c.obj)

.text.process   0x0000000000000000       0x2f
 .text.process  0x0000000000000000       0x2f zephyr/libzephyr.a(log_backend_native_posix.c.obj)

.text.panic     0x0000000000000000       0x4a
 .text.panic    0x0000000000000000       0x4a zephyr/libzephyr.a(log_backend_native_posix.c.obj)

.text.sys_trace_isr_enter
                0x0000000000000000        0x5
 .text.sys_trace_isr_enter
                0x0000000000000000        0x5 zephyr/libzephyr.a(tracing_none.c.obj)
                0x0000000000000000                sys_trace_isr_enter

.text.sys_trace_isr_exit
                0x0000000000000000        0x5
 .text.sys_trace_isr_exit
                0x0000000000000000        0x5 zephyr/libzephyr.a(tracing_none.c.obj)
                0x0000000000000000                sys_trace_isr_exit

.text.sys_trace_idle
                0x0000000000000000        0x5
 .text.sys_trace_idle
                0x0000000000000000        0x5 zephyr/libzephyr.a(tracing_none.c.obj)
                0x0000000000000000                sys_trace_idle

.text.arch_cpu_idle
                0x0000000000000000       0x15
 .text.arch_cpu_idle
                0x0000000000000000       0x15 zephyr/arch/arch/posix/core/libarch__posix__core.a(cpuhalt.c.obj)
                0x0000000000000000                arch_cpu_idle

.text.arch_system_halt
                0x0000000000000000       0x2f
 .text.arch_system_halt
                0x0000000000000000       0x2f zephyr/arch/arch/posix/core/libarch__posix__core.a(fatal.c.obj)
                0x0000000000000000                arch_system_halt

.text.arch_irq_enable
                0x0000000000000000        0x9
 .text.arch_irq_enable
                0x0000000000000000        0x9 zephyr/arch/arch/posix/core/libarch__posix__core.a(irq.c.obj)
                0x0000000000000000                arch_irq_enable

.text.arch_swap
                0x0000000000000000       0x4a
 .text.arch_swap
                0x0000000000000000       0x4a zephyr/arch/arch/posix/core/libarch__posix__core.a(swap.c.obj)
                0x0000000000000000                arch_swap

.text.arch_switch_to_main_thread
                0x0000000000000000       0x1f
 .text.arch_switch_to_main_thread
                0x0000000000000000       0x1f zephyr/arch/arch/posix/core/libarch__posix__core.a(swap.c.obj)
                0x0000000000000000                arch_switch_to_main_thread

.text.arch_new_thread
                0x0000000000000000       0x39
 .text.arch_new_thread
                0x0000000000000000       0x39 zephyr/arch/arch/posix/core/libarch__posix__core.a(thread.c.obj)
                0x0000000000000000                arch_new_thread

.text.arch_thread_name_set
                0x0000000000000000       0x7a
 .text.arch_thread_name_set
                0x0000000000000000       0x7a zephyr/arch/arch/posix/core/libarch__posix__core.a(thread.c.obj)
                0x0000000000000000                arch_thread_name_set

.text.posix_arch_thread_entry
                0x0000000000000000       0x21
 .text.posix_arch_thread_entry
                0x0000000000000000       0x21 zephyr/arch/arch/posix/core/libarch__posix__core.a(thread.c.obj)
                0x0000000000000000                posix_arch_thread_entry

.text.arch_coprocessors_disable
                0x0000000000000000        0xa
 .text.arch_coprocessors_disable
                0x0000000000000000        0xa zephyr/arch/arch/posix/core/libarch__posix__core.a(thread.c.obj)
                0x0000000000000000                arch_coprocessors_disable

.text.z_impl_k_thread_abort
                0x0000000000000000       0x7f
 .text.z_impl_k_thread_abort
                0x0000000000000000       0x7f zephyr/arch/arch/posix/core/libarch__posix__core.a(thread.c.obj)
                0x0000000000000000                z_impl_k_thread_abort

.text.posix_arch_init
                0x0000000000000000       0x1a
 .text.posix_arch_init
                0x0000000000000000       0x1a zephyr/arch/arch/posix/core/libarch__posix__core.a(posix_core_nsi.c.obj)
                0x0000000000000000                posix_arch_init

.text.posix_arch_clean_up
                0x0000000000000000       0x10
 .text.posix_arch_clean_up
                0x0000000000000000       0x10 zephyr/arch/arch/posix/core/libarch__posix__core.a(posix_core_nsi.c.obj)
                0x0000000000000000                posix_arch_clean_up

.text.posix_swap
                0x0000000000000000       0x12
 .text.posix_swap
                0x0000000000000000       0x12 zephyr/arch/arch/posix/core/libarch__posix__core.a(posix_core_nsi.c.obj)
                0x0000000000000000                posix_swap

.text.posix_main_thread_start
                0x0000000000000000       0x12
 .text.posix_main_thread_start
                0x0000000000000000       0x12 zephyr/arch/arch/posix/core/libarch__posix__core.a(posix_core_nsi.c.obj)
                0x0000000000000000                posix_main_thread_start

.text.posix_new_thread
                0x0000000000000000       0x13
 .text.posix_new_thread
                0x0000000000000000       0x13 zephyr/arch/arch/posix/core/libarch__posix__core.a(posix_core_nsi.c.obj)
                0x0000000000000000                posix_new_thread

.text.posix_abort_thread
                0x0000000000000000       0x12
 .text.posix_abort_thread
                0x0000000000000000       0x12 zephyr/arch/arch/posix/core/libarch__posix__core.a(posix_core_nsi.c.obj)
                0x0000000000000000                posix_abort_thread

.text.posix_arch_thread_name_set
                0x0000000000000000       0x15
 .text.posix_arch_thread_name_set
                0x0000000000000000       0x15 zephyr/arch/arch/posix/core/libarch__posix__core.a(posix_core_nsi.c.obj)
                0x0000000000000000                posix_arch_thread_name_set

.text.posix_is_cpu_running
                0x0000000000000000       0x10
 .text.posix_is_cpu_running
                0x0000000000000000       0x10 zephyr/soc/soc/native/libsoc__native__inf_clock.a(soc.c.obj)
                0x0000000000000000                posix_is_cpu_running

.text.posix_interrupt_raised
                0x0000000000000000       0x10
 .text.posix_interrupt_raised
                0x0000000000000000       0x10 zephyr/soc/soc/native/libsoc__native__inf_clock.a(soc.c.obj)
                0x0000000000000000                posix_interrupt_raised

.text.posix_halt_cpu
                0x0000000000000000       0x17
 .text.posix_halt_cpu
                0x0000000000000000       0x17 zephyr/soc/soc/native/libsoc__native__inf_clock.a(soc.c.obj)
                0x0000000000000000                posix_halt_cpu

.text.posix_boot_cpu
                0x0000000000000000       0x2a
 .text.posix_boot_cpu
                0x0000000000000000       0x2a zephyr/soc/soc/native/libsoc__native__inf_clock.a(soc.c.obj)
                0x0000000000000000                posix_boot_cpu

.text.posix_soc_clean_up
                0x0000000000000000       0x21
 .text.posix_soc_clean_up
                0x0000000000000000       0x21 zephyr/soc/soc/native/libsoc__native__inf_clock.a(soc.c.obj)
                0x0000000000000000                posix_soc_clean_up

.text.run_native_tasks
                0x0000000000000000       0x37
 .text.run_native_tasks
                0x0000000000000000       0x37 zephyr/soc/soc/native/libsoc__native__inf_clock.a(native_tasks.c.obj)
                0x0000000000000000                run_native_tasks

.text.native_add_command_line_opts
                0x0000000000000000        0x9
 .text.native_add_command_line_opts
                0x0000000000000000        0x9 zephyr/boards/native/native_sim/libboards__native__native_sim.a(cmdline.c.obj)
                0x0000000000000000                native_add_command_line_opts

.text.posix_irq_handler
                0x0000000000000000      0x122
 .text.posix_irq_handler
                0x0000000000000000      0x122 zephyr/boards/native/native_sim/libboards__native__native_sim.a(irq_handler.c.obj)
                0x0000000000000000                posix_irq_handler

.text.posix_irq_lock
                0x0000000000000000        0xe
 .text.posix_irq_lock
                0x0000000000000000        0xe zephyr/boards/native/native_sim/libboards__native__native_sim.a(irq_handler.c.obj)
                0x0000000000000000                posix_irq_lock

.text.posix_irq_unlock
                0x0000000000000000        0x9
 .text.posix_irq_unlock
                0x0000000000000000        0x9 zephyr/boards/native/native_sim/libboards__native__native_sim.a(irq_handler.c.obj)
                0x0000000000000000                posix_irq_unlock

.text.posix_irq_full_unlock
                0x0000000000000000        0xb
 .text.posix_irq_full_unlock
                0x0000000000000000        0xb zephyr/boards/native/native_sim/libboards__native__native_sim.a(irq_handler.c.obj)
                0x0000000000000000                posix_irq_full_unlock

.text.posix_irq_enable
                0x0000000000000000        0x9
 .text.posix_irq_enable
                0x0000000000000000        0x9 zephyr/boards/native/native_sim/libboards__native__native_sim.a(irq_handler.c.obj)
                0x0000000000000000                posix_irq_enable

.text.posix_isr_declare
                0x0000000000000000       0x3b
 .text.posix_isr_declare
                0x0000000000000000       0x3b zephyr/boards/native/native_sim/libboards__native__native_sim.a(irq_handler.c.obj)
                0x0000000000000000                posix_isr_declare

.text.posix_irq_priority_set
                0x0000000000000000       0x1e
 .text.posix_irq_priority_set
                0x0000000000000000       0x1e zephyr/boards/native/native_sim/libboards__native__native_sim.a(irq_handler.c.obj)
                0x0000000000000000                posix_irq_priority_set

.text.posix_exit
                0x0000000000000000        0xc
 .text.posix_exit
                0x0000000000000000        0xc zephyr/boards/native/native_sim/libboards__native__native_sim.a(posix_arch_if.c.obj)
                0x0000000000000000                posix_exit

.text.posix_print_error_and_exit
                0x0000000000000000       0x9f
 .text.posix_print_error_and_exit
                0x0000000000000000       0x9f zephyr/boards/native/native_sim/libboards__native__native_sim.a(posix_arch_if.c.obj)
                0x0000000000000000                posix_print_error_and_exit

.text.posix_print_warning
                0x0000000000000000       0xba
 .text.posix_print_warning
                0x0000000000000000       0xba zephyr/boards/native/native_sim/libboards__native__native_sim.a(posix_arch_if.c.obj)
                0x0000000000000000                posix_print_warning

.text.posix_print_trace
                0x0000000000000000       0xba
 .text.posix_print_trace
                0x0000000000000000       0xba zephyr/boards/native/native_sim/libboards__native__native_sim.a(posix_arch_if.c.obj)
                0x0000000000000000                posix_print_trace

.text.TC_RESULT_TO_STR
                0x0000000000000000       0x41
 .text.TC_RESULT_TO_STR
                0x0000000000000000       0x41 zephyr/subsys/testsuite/ztest/libsubsys__testsuite__ztest.a(ztest.c.obj)

.text.run_test_rules
                0x0000000000000000       0x49
 .text.run_test_rules
                0x0000000000000000       0x49 zephyr/subsys/testsuite/ztest/libsubsys__testsuite__ztest.a(ztest.c.obj)

.text.get_friendly_phase_name
                0x0000000000000000       0x4f
 .text.get_friendly_phase_name
                0x0000000000000000       0x4f zephyr/subsys/testsuite/ztest/libsubsys__testsuite__ztest.a(ztest.c.obj)

.text.ztest_find_test_suite
                0x0000000000000000       0x38
 .text.ztest_find_test_suite
                0x0000000000000000       0x38 zephyr/subsys/testsuite/ztest/libsubsys__testsuite__ztest.a(ztest.c.obj)

.text.test_cb   0x0000000000000000       0x53
 .text.test_cb  0x0000000000000000       0x53 zephyr/subsys/testsuite/ztest/libsubsys__testsuite__ztest.a(ztest.c.obj)

.text.test_finalize
                0x0000000000000000       0xa9
 .text.test_finalize
                0x0000000000000000       0xa9 zephyr/subsys/testsuite/ztest/libsubsys__testsuite__ztest.a(ztest.c.obj)

.text.ztest_test_fail
                0x0000000000000000       0x53
 .text.ztest_test_fail
                0x0000000000000000       0x53 zephyr/subsys/testsuite/ztest/libsubsys__testsuite__ztest.a(ztest.c.obj)
                0x0000000000000000                ztest_test_fail

.text.z_ztest_get_next_test
                0x0000000000000000       0x45
 .text.z_ztest_get_next_test
                0x0000000000000000       0x45 zephyr/subsys/testsuite/ztest/libsubsys__testsuite__ztest.a(ztest.c.obj)
                0x0000000000000000                z_ztest_get_next_test

.text.z_ztest_run_test_suite_ptr.constprop.0
                0x0000000000000000      0x36a
 .text.z_ztest_run_test_suite_ptr.constprop.0
                0x0000000000000000      0x36a zephyr/subsys/testsuite/ztest/libsubsys__testsuite__ztest.a(ztest.c.obj)

.text.z_impl_ztest_run_test_suites
                0x0000000000000000       0xa7
 .text.z_impl_ztest_run_test_suites
                0x0000000000000000       0xa7 zephyr/subsys/testsuite/ztest/libsubsys__testsuite__ztest.a(ztest.c.obj)
                0x0000000000000000                z_impl_ztest_run_test_suites

.text.ztest_verify_all_test_suites_ran
                0x0000000000000000       0xe2
 .text.ztest_verify_all_test_suites_ran
                0x0000000000000000       0xe2 zephyr/subsys/testsuite/ztest/libsubsys__testsuite__ztest.a(ztest.c.obj)
                0x0000000000000000                ztest_verify_all_test_suites_ran

.text.ztest_run_all
                0x0000000000000000       0x11
 .text.ztest_run_all
                0x0000000000000000       0x11 zephyr/subsys/testsuite/ztest/libsubsys__testsuite__ztest.a(ztest.c.obj)
                0x0000000000000000                ztest_run_all

.text.test_main
                0x0000000000000000       0x1e
 .text.test_main
                0x0000000000000000       0x1e zephyr/subsys/testsuite/ztest/libsubsys__testsuite__ztest.a(ztest.c.obj)
                0x0000000000000000                test_main

.text.main      0x0000000000000000      0x264
 .text.main     0x0000000000000000      0x264 zephyr/subsys/testsuite/ztest/libsubsys__testsuite__ztest.a(ztest.c.obj)
                0x0000000000000000                main

.text.add_test_filter_option
                0x0000000000000000       0x10
 .text.add_test_filter_option
                0x0000000000000000       0x10 zephyr/subsys/testsuite/ztest/libsubsys__testsuite__ztest.a(ztest_posix.c.obj)

.text.z_ztest_testargs_contains
                0x0000000000000000      0x16a
 .text.z_ztest_testargs_contains
                0x0000000000000000      0x16a zephyr/subsys/testsuite/ztest/libsubsys__testsuite__ztest.a(ztest_posix.c.obj)

.text.z_ztest_should_test_run
                0x0000000000000000       0x25
 .text.z_ztest_should_test_run
                0x0000000000000000       0x25 zephyr/subsys/testsuite/ztest/libsubsys__testsuite__ztest.a(ztest_posix.c.obj)
                0x0000000000000000                z_ztest_should_test_run

.text.z_ztest_should_suite_run
                0x0000000000000000       0x45
 .text.z_ztest_should_suite_run
                0x0000000000000000       0x45 zephyr/subsys/testsuite/ztest/libsubsys__testsuite__ztest.a(ztest_posix.c.obj)
                0x0000000000000000                z_ztest_should_suite_run

.text.ztest_relative_filename
                0x0000000000000000       0x97
 .text.ztest_relative_filename
                0x0000000000000000       0x97 zephyr/subsys/testsuite/ztest/libsubsys__testsuite__ztest.a(ztest_posix.c.obj)
                0x0000000000000000                ztest_relative_filename

.text.z_ztest_list_tests
                0x0000000000000000       0x72
 .text.z_ztest_list_tests
                0x0000000000000000       0x72 zephyr/subsys/testsuite/ztest/libsubsys__testsuite__ztest.a(ztest_posix.c.obj)
                0x0000000000000000                z_ztest_list_tests

.text.z_ztest_run_all
                0x0000000000000000       0x1b
 .text.z_ztest_run_all
                0x0000000000000000       0x1b zephyr/subsys/testsuite/ztest/libsubsys__testsuite__ztest.a(ztest_posix.c.obj)
                0x0000000000000000                z_ztest_run_all

.text.posix_arch_console_init
                0x0000000000000000       0x15
 .text.posix_arch_console_init
                0x0000000000000000       0x15 zephyr/drivers/console/libdrivers__console.a(posix_arch_console.c.obj)

.text.print_char
                0x0000000000000000       0x64
 .text.print_char
                0x0000000000000000       0x64 zephyr/drivers/console/libdrivers__console.a(posix_arch_console.c.obj)

.text.np_timer_isr
                0x0000000000000000       0x3b
 .text.np_timer_isr
                0x0000000000000000       0x3b zephyr/drivers/timer/libdrivers__timer.a(native_sim_timer.c.obj)

.text.sys_clock_driver_init
                0x0000000000000000       0x56
 .text.sys_clock_driver_init
                0x0000000000000000       0x56 zephyr/drivers/timer/libdrivers__timer.a(native_sim_timer.c.obj)

.text.sys_clock_cycle_get_32
                0x0000000000000000        0xe
 .text.sys_clock_cycle_get_32
                0x0000000000000000        0xe zephyr/drivers/timer/libdrivers__timer.a(native_sim_timer.c.obj)
                0x0000000000000000                sys_clock_cycle_get_32

.text.sys_clock_set_timeout
                0x0000000000000000       0x27
 .text.sys_clock_set_timeout
                0x0000000000000000       0x27 zephyr/drivers/timer/libdrivers__timer.a(native_sim_timer.c.obj)
                0x0000000000000000                sys_clock_set_timeout

.text.sys_clock_elapsed
                0x0000000000000000       0x1f
 .text.sys_clock_elapsed
                0x0000000000000000       0x1f zephyr/drivers/timer/libdrivers__timer.a(native_sim_timer.c.obj)
                0x0000000000000000                sys_clock_elapsed

.text.k_sys_fatal_error_handler
                0x0000000000000000       0x3b
 .text.k_sys_fatal_error_handler
                0x0000000000000000       0x3b zephyr/kernel/libkernel.a(fatal.c.obj)
                0x0000000000000000                k_sys_fatal_error_handler

.text.z_fatal_error
                0x0000000000000000      0x10c
 .text.z_fatal_error
                0x0000000000000000      0x10c zephyr/kernel/libkernel.a(fatal.c.obj)
                0x0000000000000000                z_fatal_error

.text.z_sys_init_run_level
                0x0000000000000000       0x40
 .text.z_sys_init_run_level
                0x0000000000000000       0x40 zephyr/kernel/libkernel.a(init.c.obj)

.text.bg_thread_main
                0x0000000000000000      0x19d
 .text.bg_thread_main
                0x0000000000000000      0x19d zephyr/kernel/libkernel.a(init.c.obj)

.text.z_init_cpu
                0x0000000000000000       0x93
 .text.z_init_cpu
                0x0000000000000000       0x93 zephyr/kernel/libkernel.a(init.c.obj)
                0x0000000000000000                z_init_cpu

.text.z_cstart  0x0000000000000000      0x12c
 .text.z_cstart
                0x0000000000000000      0x12c zephyr/kernel/libkernel.a(init.c.obj)
                0x0000000000000000                z_cstart

.text.idle      0x0000000000000000       0x69
 .text.idle     0x0000000000000000       0x69 zephyr/kernel/libkernel.a(idle.c.obj)
                0x0000000000000000                idle

.text.k_is_in_isr
                0x0000000000000000       0x12
 .text.k_is_in_isr
                0x0000000000000000       0x12 zephyr/kernel/libkernel.a(thread.c.obj)
                0x0000000000000000                k_is_in_isr

.text.z_impl_k_thread_name_set
                0x0000000000000000       0x4b
 .text.z_impl_k_thread_name_set
                0x0000000000000000       0x4b zephyr/kernel/libkernel.a(thread.c.obj)
                0x0000000000000000                z_impl_k_thread_name_set

.text.k_thread_name_get
                0x0000000000000000        0x9
 .text.k_thread_name_get
                0x0000000000000000        0x9 zephyr/kernel/libkernel.a(thread.c.obj)
                0x0000000000000000                k_thread_name_get

.text.z_setup_new_thread
                0x0000000000000000      0x14b
 .text.z_setup_new_thread
                0x0000000000000000      0x14b zephyr/kernel/libkernel.a(thread.c.obj)
                0x0000000000000000                z_setup_new_thread

.text.z_impl_k_thread_create
                0x0000000000000000       0xbe
 .text.z_impl_k_thread_create
                0x0000000000000000       0xbe zephyr/kernel/libkernel.a(thread.c.obj)
                0x0000000000000000                z_impl_k_thread_create

.text.z_dummy_thread_init
                0x0000000000000000       0x21
 .text.z_dummy_thread_init
                0x0000000000000000       0x21 zephyr/kernel/libkernel.a(thread.c.obj)
                0x0000000000000000                z_dummy_thread_init

.text.sys_dlist_remove
                0x0000000000000000       0x1e
 .text.sys_dlist_remove
                0x0000000000000000       0x1e zephyr/kernel/libkernel.a(sched.c.obj)

.text.ready_thread
                0x0000000000000000      0x1b2
 .text.ready_thread
                0x0000000000000000      0x1b2 zephyr/kernel/libkernel.a(sched.c.obj)

.text.unready_thread
                0x0000000000000000      0x159
 .text.unready_thread
                0x0000000000000000      0x159 zephyr/kernel/libkernel.a(sched.c.obj)

.text.unpend_thread_no_timeout
                0x0000000000000000       0x62
 .text.unpend_thread_no_timeout
                0x0000000000000000       0x62 zephyr/kernel/libkernel.a(sched.c.obj)

.text.z_swap_irqlock
                0x0000000000000000       0x70
 .text.z_swap_irqlock
                0x0000000000000000       0x70 zephyr/kernel/libkernel.a(sched.c.obj)

.text.add_to_waitq_locked
                0x0000000000000000       0x71
 .text.add_to_waitq_locked
                0x0000000000000000       0x71 zephyr/kernel/libkernel.a(sched.c.obj)

.text.move_thread_to_end_of_prio_q
                0x0000000000000000      0x25c
 .text.move_thread_to_end_of_prio_q
                0x0000000000000000      0x25c zephyr/kernel/libkernel.a(sched.c.obj)
                0x0000000000000000                move_thread_to_end_of_prio_q

.text.z_ready_thread
                0x0000000000000000       0xfc
 .text.z_ready_thread
                0x0000000000000000       0xfc zephyr/kernel/libkernel.a(sched.c.obj)
                0x0000000000000000                z_ready_thread

.text.z_sched_wake_thread
                0x0000000000000000      0x115
 .text.z_sched_wake_thread
                0x0000000000000000      0x115 zephyr/kernel/libkernel.a(sched.c.obj)
                0x0000000000000000                z_sched_wake_thread

.text.z_thread_timeout
                0x0000000000000000       0x12
 .text.z_thread_timeout
                0x0000000000000000       0x12 zephyr/kernel/libkernel.a(sched.c.obj)
                0x0000000000000000                z_thread_timeout

.text.z_reschedule
                0x0000000000000000       0xfa
 .text.z_reschedule
                0x0000000000000000       0xfa zephyr/kernel/libkernel.a(sched.c.obj)
                0x0000000000000000                z_reschedule

.text.z_reschedule_irqlock
                0x0000000000000000       0x27
 .text.z_reschedule_irqlock
                0x0000000000000000       0x27 zephyr/kernel/libkernel.a(sched.c.obj)
                0x0000000000000000                z_reschedule_irqlock

.text.k_sched_lock
                0x0000000000000000      0x1b5
 .text.k_sched_lock
                0x0000000000000000      0x1b5 zephyr/kernel/libkernel.a(sched.c.obj)
                0x0000000000000000                k_sched_lock

.text.k_sched_unlock
                0x0000000000000000      0x1fe
 .text.k_sched_unlock
                0x0000000000000000      0x1fe zephyr/kernel/libkernel.a(sched.c.obj)
                0x0000000000000000                k_sched_unlock

.text.z_sched_init
                0x0000000000000000       0x18
 .text.z_sched_init
                0x0000000000000000       0x18 zephyr/kernel/libkernel.a(sched.c.obj)
                0x0000000000000000                z_sched_init

.text.z_impl_k_yield
                0x0000000000000000      0x1e7
 .text.z_impl_k_yield
                0x0000000000000000      0x1e7 zephyr/kernel/libkernel.a(sched.c.obj)
                0x0000000000000000                z_impl_k_yield

.text.z_tick_sleep
                0x0000000000000000      0x1bd
 .text.z_tick_sleep
                0x0000000000000000      0x1bd zephyr/kernel/libkernel.a(sched.c.obj)

.text.z_impl_k_sleep
                0x0000000000000000       0x91
 .text.z_impl_k_sleep
                0x0000000000000000       0x91 zephyr/kernel/libkernel.a(sched.c.obj)
                0x0000000000000000                z_impl_k_sleep

.text.z_impl_k_wakeup
                0x0000000000000000      0x11f
 .text.z_impl_k_wakeup
                0x0000000000000000      0x11f zephyr/kernel/libkernel.a(sched.c.obj)
                0x0000000000000000                z_impl_k_wakeup

.text.z_impl_k_sched_current_thread_query
                0x0000000000000000       0x10
 .text.z_impl_k_sched_current_thread_query
                0x0000000000000000       0x10 zephyr/kernel/libkernel.a(sched.c.obj)
                0x0000000000000000                z_impl_k_sched_current_thread_query

.text.z_thread_abort
                0x0000000000000000      0x401
 .text.z_thread_abort
                0x0000000000000000      0x401 zephyr/kernel/libkernel.a(sched.c.obj)
                0x0000000000000000                z_thread_abort

.text.z_impl_k_thread_join
                0x0000000000000000      0x23c
 .text.z_impl_k_thread_join
                0x0000000000000000      0x23c zephyr/kernel/libkernel.a(sched.c.obj)
                0x0000000000000000                z_impl_k_thread_join

.text.slice_timeout
                0x0000000000000000       0x82
 .text.slice_timeout
                0x0000000000000000       0x82 zephyr/kernel/libkernel.a(timeslicing.c.obj)

.text.thread_is_sliceable
                0x0000000000000000       0x3e
 .text.thread_is_sliceable
                0x0000000000000000       0x3e zephyr/kernel/libkernel.a(timeslicing.c.obj)
                0x0000000000000000                thread_is_sliceable

.text.z_reset_time_slice
                0x0000000000000000       0x6a
 .text.z_reset_time_slice
                0x0000000000000000       0x6a zephyr/kernel/libkernel.a(timeslicing.c.obj)
                0x0000000000000000                z_reset_time_slice

.text.z_time_slice
                0x0000000000000000      0x12e
 .text.z_time_slice
                0x0000000000000000      0x12e zephyr/kernel/libkernel.a(timeslicing.c.obj)
                0x0000000000000000                z_time_slice

.text.z_spin_lock_valid
                0x0000000000000000       0x28
 .text.z_spin_lock_valid
                0x0000000000000000       0x28 zephyr/kernel/libkernel.a(spinlock_validate.c.obj)
                0x0000000000000000                z_spin_lock_valid

.text.z_spin_unlock_valid
                0x0000000000000000       0x3a
 .text.z_spin_unlock_valid
                0x0000000000000000       0x3a zephyr/kernel/libkernel.a(spinlock_validate.c.obj)
                0x0000000000000000                z_spin_unlock_valid

.text.z_spin_lock_set_owner
                0x0000000000000000       0x17
 .text.z_spin_lock_set_owner
                0x0000000000000000       0x17 zephyr/kernel/libkernel.a(spinlock_validate.c.obj)
                0x0000000000000000                z_spin_lock_set_owner

.text.first     0x0000000000000000       0x16
 .text.first    0x0000000000000000       0x16 zephyr/kernel/libkernel.a(timeout.c.obj)

.text.next_timeout
                0x0000000000000000       0x34
 .text.next_timeout
                0x0000000000000000       0x34 zephyr/kernel/libkernel.a(timeout.c.obj)

.text.elapsed   0x0000000000000000       0x11
 .text.elapsed  0x0000000000000000       0x11 zephyr/kernel/libkernel.a(timeout.c.obj)

.text.remove_timeout
                0x0000000000000000       0x3c
 .text.remove_timeout
                0x0000000000000000       0x3c zephyr/kernel/libkernel.a(timeout.c.obj)

.text.z_add_timeout
                0x0000000000000000      0x24f
 .text.z_add_timeout
                0x0000000000000000      0x24f zephyr/kernel/libkernel.a(timeout.c.obj)
                0x0000000000000000                z_add_timeout

.text.z_abort_timeout
                0x0000000000000000      0x142
 .text.z_abort_timeout
                0x0000000000000000      0x142 zephyr/kernel/libkernel.a(timeout.c.obj)
                0x0000000000000000                z_abort_timeout

.text.sys_clock_announce
                0x0000000000000000      0x1c4
 .text.sys_clock_announce
                0x0000000000000000      0x1c4 zephyr/kernel/libkernel.a(timeout.c.obj)
                0x0000000000000000                sys_clock_announce

.text.sys_clock_tick_get
                0x0000000000000000      0x104
 .text.sys_clock_tick_get
                0x0000000000000000      0x104 zephyr/kernel/libkernel.a(timeout.c.obj)
                0x0000000000000000                sys_clock_tick_get

.text.sys_clock_tick_get_32
                0x0000000000000000        0xc
 .text.sys_clock_tick_get_32
                0x0000000000000000        0xc zephyr/kernel/libkernel.a(timeout.c.obj)
                0x0000000000000000                sys_clock_tick_get_32

.text.boot_banner
                0x0000000000000000       0x12
 .text.boot_banner
                0x0000000000000000       0x12 zephyr/kernel/libkernel.a(banner.c.obj)
                0x0000000000000000                boot_banner

.text.do_device_init
                0x0000000000000000       0xa6
 .text.do_device_init
                0x0000000000000000       0xa6 zephyr/kernel/libkernel.a(device.c.obj)
                0x0000000000000000                do_device_init

.native_sim_if  0x00000000000000a6       0x81
 *(SORT_BY_ALIGNMENT(.native_sim_if))
 .native_sim_if
                0x00000000000000a6       0x4f zephyr/boards/native/native_sim/libboards__native__native_sim.a(nsi_if.c.obj)
                0x00000000000000a6                nsif_cpu0_pre_cmdline_hooks
                0x00000000000000b1                nsif_cpu0_pre_hw_init_hooks
                0x00000000000000bf                nsif_cpu0_boot
                0x00000000000000de                nsif_cpu0_cleanup
                0x00000000000000ec                nsif_cpu0_irq_raised
 .native_sim_if
                0x00000000000000f5       0x32 zephyr/boards/native/native_sim/libboards__native__native_sim.a(irq_handler.c.obj)
                0x00000000000000f5                nsif_cpu0_irq_raised_from_sw
 *(SORT_BY_ALIGNMENT(.native_sim_if.*))

.fini
 *(SORT_NONE(.fini))

.rodata
 *(SORT_BY_ALIGNMENT(.rodata))

.rodata.z_zassert.constprop.0.str1.1
                0x0000000000000000       0x52
 .rodata.z_zassert.constprop.0.str1.1
                0x0000000000000000       0x52 app/libapp.a(main.c.obj)

.rodata._color_math_test_ct_to_rgb_warm_vs_cool_wrapper.str1.1
                0x0000000000000000       0xda
 .rodata._color_math_test_ct_to_rgb_warm_vs_cool_wrapper.str1.1
                0x0000000000000000       0xda app/libapp.a(main.c.obj)

.rodata._color_math_test_xy_degenerate_y_zero_wrapper.str1.1
                0x0000000000000000       0x39
 .rodata._color_math_test_xy_degenerate_y_zero_wrapper.str1.1
                0x0000000000000000       0x39 app/libapp.a(main.c.obj)

.rodata._color_math_test_xy_known_points_wrapper.str1.1
                0x0000000000000000       0xca
 .rodata._color_math_test_xy_known_points_wrapper.str1.1
                0x0000000000000000       0xca app/libapp.a(main.c.obj)

.rodata._color_math_test_hsv_zero_saturation_is_white_wrapper.str1.1
                0x0000000000000000       0x3f
 .rodata._color_math_test_hsv_zero_saturation_is_white_wrapper.str1.1
                0x0000000000000000       0x3f app/libapp.a(main.c.obj)

.rodata._color_math_test_hsv_primaries_wrapper.str1.1
                0x0000000000000000       0xca
 .rodata._color_math_test_hsv_primaries_wrapper.str1.1
                0x0000000000000000       0xca app/libapp.a(main.c.obj)

.rodata._color_math_test_ct_mix_sums_to_one_wrapper.str1.1
                0x0000000000000000       0x35
 .rodata._color_math_test_ct_mix_sums_to_one_wrapper.str1.1
                0x0000000000000000       0x35 app/libapp.a(main.c.obj)

.rodata._color_math_test_ct_mix_clamps_out_of_range_wrapper.str1.1
                0x0000000000000000       0x3e
 .rodata._color_math_test_ct_mix_clamps_out_of_range_wrapper.str1.1
                0x0000000000000000       0x3e app/libapp.a(main.c.obj)

.rodata._color_math_test_ct_mix_endpoints_wrapper.str1.1
                0x0000000000000000       0x3e
 .rodata._color_math_test_ct_mix_endpoints_wrapper.str1.1
                0x0000000000000000       0x3e app/libapp.a(main.c.obj)

.rodata._color_math_test_cie1931_perceptual_midpoint_wrapper.str1.1
                0x0000000000000000       0x1d
 .rodata._color_math_test_cie1931_perceptual_midpoint_wrapper.str1.1
                0x0000000000000000       0x1d app/libapp.a(main.c.obj)

.rodata._color_math_test_cie1931_monotonic_wrapper.str1.1
                0x0000000000000000       0x71
 .rodata._color_math_test_cie1931_monotonic_wrapper.str1.1
                0x0000000000000000       0x71 app/libapp.a(main.c.obj)

.rodata._color_math_test_cie1931_endpoints_wrapper.str1.1
                0x0000000000000000       0x60
 .rodata._color_math_test_cie1931_endpoints_wrapper.str1.1
                0x0000000000000000       0x60 app/libapp.a(main.c.obj)

.rodata.__func__.0
                0x0000000000000000       0x27
 .rodata.__func__.0
                0x0000000000000000       0x27 app/libapp.a(main.c.obj)

.rodata.__func__.1
                0x0000000000000000       0x4d
 .rodata.__func__.1
                0x0000000000000000       0x25 app/libapp.a(main.c.obj)
 *fill*         0x0000000000000025        0xb 
 .rodata.__func__.1
                0x0000000000000030       0x1d zephyr/boards/native/native_sim/libboards__native__native_sim.a(irq_handler.c.obj)

.rodata.__func__.2
                0x0000000000000000       0x20
 .rodata.__func__.2
                0x0000000000000000       0x20 app/libapp.a(main.c.obj)

.rodata.__func__.3
                0x0000000000000000       0x2d
 .rodata.__func__.3
                0x0000000000000000       0x2d app/libapp.a(main.c.obj)

.rodata.__func__.4
                0x0000000000000000       0x1e
 .rodata.__func__.4
                0x0000000000000000       0x1e app/libapp.a(main.c.obj)

.rodata.__func__.5
                0x0000000000000000       0x23
 .rodata.__func__.5
                0x0000000000000000       0x23 app/libapp.a(main.c.obj)

.rodata.__func__.6
                0x0000000000000000       0x2b
 .rodata.__func__.6
                0x0000000000000000       0x2b app/libapp.a(main.c.obj)

.rodata.__func__.7
                0x0000000000000000       0x21
 .rodata.__func__.7
                0x0000000000000000       0x21 app/libapp.a(main.c.obj)

.rodata.__func__.8
                0x0000000000000000       0x2c
 .rodata.__func__.8
                0x0000000000000000       0x2c app/libapp.a(main.c.obj)

.rodata.__func__.9
                0x0000000000000000       0x22
 .rodata.__func__.9
                0x0000000000000000       0x22 app/libapp.a(main.c.obj)

.rodata.__func__.10
                0x0000000000000000       0x22
 .rodata.__func__.10
                0x0000000000000000       0x22 app/libapp.a(main.c.obj)

.rodata.str1.1  0x0000000000000000      0x28c
 .rodata.str1.1
                0x0000000000000000      0x128 app/libapp.a(main.c.obj)
 .rodata.str1.1
                0x0000000000000128       0x11 zephyr/libzephyr.a(cbprintf_packaged.c.obj)
 .rodata.str1.1
                0x0000000000000139        0x4 zephyr/libzephyr.a(log_core.c.obj)
 .rodata.str1.1
                0x000000000000013d        0x9 zephyr/libzephyr.a(log_mgmt.c.obj)
 .rodata.str1.1
                0x0000000000000146       0x20 zephyr/libzephyr.a(log_output.c.obj)
 .rodata.str1.1
                0x0000000000000166       0x19 zephyr/libzephyr.a(log_backend_native_posix.c.obj)
 .rodata.str1.1
                0x000000000000017f       0x35 zephyr/boards/native/native_sim/libboards__native__native_sim.a(irq_handler.c.obj)
 .rodata.str1.1
                0x00000000000001b4       0xd5 zephyr/subsys/testsuite/ztest/libsubsys__testsuite__ztest.a(ztest_posix.c.obj)
 .rodata.str1.1
                0x0000000000000289        0x3 zephyr/kernel/libkernel.a(init.c.obj)

.rodata.cst4    0x0000000000000000       0xb4
 .rodata.cst4   0x0000000000000000       0x24 app/libapp.a(main.c.obj)
 .rodata.cst4   0x0000000000000024       0x90 app/libapp.a(color_math.c.obj)

.rodata.cm_hsv_to_rgb
                0x0000000000000000       0x14
 .rodata.cm_hsv_to_rgb
                0x0000000000000000       0x14 app/libapp.a(color_math.c.obj)

.rodata.cbvprintf_package.str1.1
                0x0000000000000000       0xd9
 .rodata.cbvprintf_package.str1.1
                0x0000000000000000       0xd9 zephyr/libzephyr.a(cbprintf_packaged.c.obj)

.rodata.cbvprintf_package
                0x0000000000000000       0x4c
 .rodata.cbvprintf_package
                0x0000000000000000       0x4c zephyr/libzephyr.a(cbprintf_packaged.c.obj)

.rodata.clock_offset_reset_rule_after.str1.1
                0x0000000000000000       0xc6
 .rodata.clock_offset_reset_rule_after.str1.1
                0x0000000000000000       0xc6 zephyr/libzephyr.a(clock.c.obj)

.rodata.z_thread_entry.str1.1
                0x0000000000000000       0xcb
 .rodata.z_thread_entry.str1.1
                0x0000000000000000       0xcb zephyr/libzephyr.a(thread_entry.c.obj)

.rodata.z_cbvprintf_impl.str1.1
                0x0000000000000000        0x6
 .rodata.z_cbvprintf_impl.str1.1
                0x0000000000000000        0x6 zephyr/libzephyr.a(cbprintf_complete.c.obj)

.rodata.z_cbvprintf_impl
                0x0000000000000000       0xa4
 .rodata.z_cbvprintf_impl
                0x0000000000000000       0xa4 zephyr/libzephyr.a(cbprintf_complete.c.obj)

.rodata.assert_post_action.str1.1
                0x0000000000000000       0x2c
 .rodata.assert_post_action.str1.1
                0x0000000000000000       0x2c zephyr/libzephyr.a(assert.c.obj)

.rodata.z_log_init.isra.0.str1.1
                0x0000000000000000       0xdf
 .rodata.z_log_init.isra.0.str1.1
                0x0000000000000000       0xdf zephyr/libzephyr.a(log_core.c.obj)

.rodata.log_core_init.str1.1
                0x0000000000000000       0x4f
 .rodata.log_core_init.str1.1
                0x0000000000000000       0x4f zephyr/libzephyr.a(log_core.c.obj)

.rodata.z_log_msg_runtime_vcreate.str1.1
                0x0000000000000000       0xb0
 .rodata.z_log_msg_runtime_vcreate.str1.1
                0x0000000000000000       0xb0 zephyr/libzephyr.a(log_msg.c.obj)

.rodata.log_output_process.str1.1
                0x0000000000000000       0xdb
 .rodata.log_output_process.str1.1
                0x0000000000000000       0xdb zephyr/libzephyr.a(log_output.c.obj)

.rodata.cst16   0x0000000000000000       0x10
 .rodata.cst16  0x0000000000000000       0x10 zephyr/libzephyr.a(log_output.c.obj)

.rodata.char_out.str1.1
                0x0000000000000000        0x4
 .rodata.char_out.str1.1
                0x0000000000000000        0x4 zephyr/libzephyr.a(log_backend_native_posix.c.obj)

.rodata.arch_system_halt.str1.1
                0x0000000000000000       0x6c
 .rodata.arch_system_halt.str1.1
                0x0000000000000000       0x6c zephyr/arch/arch/posix/core/libarch__posix__core.a(fatal.c.obj)

.rodata.arch_thread_name_set.str1.1
                0x0000000000000000        0x3
 .rodata.arch_thread_name_set.str1.1
                0x0000000000000000        0x3 zephyr/arch/arch/posix/core/libarch__posix__core.a(thread.c.obj)

.rodata.z_impl_k_thread_abort.str1.1
                0x0000000000000000       0x77
 .rodata.z_impl_k_thread_abort.str1.1
                0x0000000000000000       0x77 zephyr/arch/arch/posix/core/libarch__posix__core.a(thread.c.obj)

.rodata.posix_irq_handler.str1.1
                0x0000000000000000       0x2e
 .rodata.posix_irq_handler.str1.1
                0x0000000000000000       0x2e zephyr/boards/native/native_sim/libboards__native__native_sim.a(irq_handler.c.obj)

.rodata.posix_isr_declare.str1.1
                0x0000000000000000       0x32
 .rodata.posix_isr_declare.str1.1
                0x0000000000000000       0x32 zephyr/boards/native/native_sim/libboards__native__native_sim.a(irq_handler.c.obj)

.rodata.TC_RESULT_TO_STR.str1.1
                0x0000000000000000       0x17
 .rodata.TC_RESULT_TO_STR.str1.1
                0x0000000000000000       0x17 zephyr/subsys/testsuite/ztest/libsubsys__testsuite__ztest.a(ztest.c.obj)

.rodata.get_friendly_phase_name.str1.1
                0x0000000000000000       0x35
 .rodata.get_friendly_phase_name.str1.1
                0x0000000000000000       0x35 zephyr/subsys/testsuite/ztest/libsubsys__testsuite__ztest.a(ztest.c.obj)

.rodata.get_friendly_phase_name
                0x0000000000000000       0x18
 .rodata.get_friendly_phase_name
                0x0000000000000000       0x18 zephyr/subsys/testsuite/ztest/libsubsys__testsuite__ztest.a(ztest.c.obj)

.rodata.test_finalize.str1.1
                0x0000000000000000       0xd8
 .rodata.test_finalize.str1.1
                0x0000000000000000       0xd8 zephyr/subsys/testsuite/ztest/libsubsys__testsuite__ztest.a(ztest.c.obj)

.rodata.ztest_test_fail.str1.1
                0x0000000000000000       0x33
 .rodata.ztest_test_fail.str1.1
                0x0000000000000000       0x33 zephyr/subsys/testsuite/ztest/libsubsys__testsuite__ztest.a(ztest.c.obj)

.rodata.z_ztest_run_test_suite_ptr.constprop.0.str1.1
                0x0000000000000000       0xb2
 .rodata.z_ztest_run_test_suite_ptr.constprop.0.str1.1
                0x0000000000000000       0xb2 zephyr/subsys/testsuite/ztest/libsubsys__testsuite__ztest.a(ztest.c.obj)

.rodata.ztest_verify_all_test_suites_ran.str1.1
                0x0000000000000000       0x7c
 .rodata.ztest_verify_all_test_suites_ran.str1.1
                0x0000000000000000       0x7c zephyr/subsys/testsuite/ztest/libsubsys__testsuite__ztest.a(ztest.c.obj)

.rodata.main.str1.1
                0x0000000000000000      0x17d
 .rodata.main.str1.1
                0x0000000000000000      0x17d zephyr/subsys/testsuite/ztest/libsubsys__testsuite__ztest.a(ztest.c.obj)

.rodata.z_ztest_testargs_contains.str1.1
                0x0000000000000000       0x75
 .rodata.z_ztest_testargs_contains.str1.1
                0x0000000000000000       0x75 zephyr/subsys/testsuite/ztest/libsubsys__testsuite__ztest.a(ztest_posix.c.obj)

.rodata.z_ztest_list_tests.str1.1
                0x0000000000000000        0x8
 .rodata.z_ztest_list_tests.str1.1
                0x0000000000000000        0x8 zephyr/subsys/testsuite/ztest/libsubsys__testsuite__ztest.a(ztest_posix.c.obj)

.rodata.print_char.str1.1
                0x0000000000000000        0x4
 .rodata.print_char.str1.1
                0x0000000000000000        0x4 zephyr/drivers/console/libdrivers__console.a(posix_arch_console.c.obj)

.rodata.k_sys_fatal_error_handler.str1.1
                0x0000000000000000        0xf
 .rodata.k_sys_fatal_error_handler.str1.1
                0x0000000000000000        0xf zephyr/kernel/libkernel.a(fatal.c.obj)

.rodata.z_fatal_error.str1.1
                0x0000000000000000       0xa0
 .rodata.z_fatal_error.str1.1
                0x0000000000000000       0xa0 zephyr/kernel/libkernel.a(fatal.c.obj)

.rodata.z_fatal_error
                0x0000000000000000       0x14
 .rodata.z_fatal_error
                0x0000000000000000       0x14 zephyr/kernel/libkernel.a(fatal.c.obj)

.rodata.bg_thread_main.str1.1
                0x0000000000000000       0xaf
 .rodata.bg_thread_main.str1.1
                0x0000000000000000       0xaf zephyr/kernel/libkernel.a(init.c.obj)

.rodata.z_init_cpu.str1.1
                0x0000000000000000        0x5
 .rodata.z_init_cpu.str1.1
                0x0000000000000000        0x5 zephyr/kernel/libkernel.a(init.c.obj)

.rodata.z_cstart.str1.1
                0x0000000000000000       0x1d
 .rodata.z_cstart.str1.1
                0x0000000000000000       0x1d zephyr/kernel/libkernel.a(init.c.obj)

.rodata.idle.str1.1
                0x0000000000000000       0x8b
 .rodata.idle.str1.1
                0x0000000000000000       0x8b zephyr/kernel/libkernel.a(idle.c.obj)

.rodata.z_setup_new_thread.str1.1
                0x0000000000000000      0x116
 .rodata.z_setup_new_thread.str1.1
                0x0000000000000000      0x116 zephyr/kernel/libkernel.a(thread.c.obj)

.rodata.z_impl_k_thread_create.str1.1
                0x0000000000000000       0x37
 .rodata.z_impl_k_thread_create.str1.1
                0x0000000000000000       0x37 zephyr/kernel/libkernel.a(thread.c.obj)

.rodata.ready_thread.str1.1
                0x0000000000000000       0xf4
 .rodata.ready_thread.str1.1
                0x0000000000000000       0xf4 zephyr/kernel/libkernel.a(sched.c.obj)

.rodata.unpend_thread_no_timeout.str1.1
                0x0000000000000000       0x42
 .rodata.unpend_thread_no_timeout.str1.1
                0x0000000000000000       0x42 zephyr/kernel/libkernel.a(sched.c.obj)

.rodata.z_swap_irqlock.str1.1
                0x0000000000000000       0xbb
 .rodata.z_swap_irqlock.str1.1
                0x0000000000000000       0xbb zephyr/kernel/libkernel.a(sched.c.obj)

.rodata.z_ready_thread.str1.1
                0x0000000000000000       0x84
 .rodata.z_ready_thread.str1.1
                0x0000000000000000       0x84 zephyr/kernel/libkernel.a(sched.c.obj)

.rodata.z_impl_k_thread_suspend.str1.1
                0x0000000000000000        0x9
 .rodata.z_impl_k_thread_suspend.str1.1
                0x0000000000000000        0x9 zephyr/kernel/libkernel.a(sched.c.obj)

.rodata.k_sched_lock.str1.1
                0x0000000000000000       0x43
 .rodata.k_sched_lock.str1.1
                0x0000000000000000       0x43 zephyr/kernel/libkernel.a(sched.c.obj)

.rodata.k_sched_unlock.str1.1
                0x0000000000000000       0x31
 .rodata.k_sched_unlock.str1.1
                0x0000000000000000       0x31 zephyr/kernel/libkernel.a(sched.c.obj)

.rodata.z_thread_abort.str1.1
                0x0000000000000000       0x56
 .rodata.z_thread_abort.str1.1
                0x0000000000000000       0x56 zephyr/kernel/libkernel.a(sched.c.obj)

.rodata.z_impl_k_thread_join.str1.1
                0x0000000000000000       0x15
 .rodata.z_impl_k_thread_join.str1.1
                0x0000000000000000       0x15 zephyr/kernel/libkernel.a(sched.c.obj)

.rodata.slice_timeout.str1.1
                0x0000000000000000      0x215
 .rodata.slice_timeout.str1.1
                0x0000000000000000      0x215 zephyr/kernel/libkernel.a(timeslicing.c.obj)

.rodata.k_sched_time_slice_set.str1.1
                0x0000000000000000       0x84
 .rodata.k_sched_time_slice_set.str1.1
                0x0000000000000000       0x84 zephyr/kernel/libkernel.a(timeslicing.c.obj)

.rodata.z_add_timeout.str1.1
                0x0000000000000000      0x10d
 .rodata.z_add_timeout.str1.1
                0x0000000000000000      0x10d zephyr/kernel/libkernel.a(timeout.c.obj)

.rodata.boot_banner.str1.1
                0x0000000000000000       0x28
 .rodata.boot_banner.str1.1
                0x0000000000000000       0x28 zephyr/kernel/libkernel.a(banner.c.obj)

.rodata.z_device_state_init.str1.1
                0x0000000000000000       0x9c
 .rodata.z_device_state_init.str1.1
                0x0000000000000000       0x9c zephyr/kernel/libkernel.a(device.c.obj)

.rodata.do_device_init.str1.1
                0x0000000000000000       0x3c
 .rodata.do_device_init.str1.1
                0x0000000000000000       0x3c zephyr/kernel/libkernel.a(device.c.obj)

.rodata1
 *(SORT_BY_ALIGNMENT(.rodata1))

.eh_frame_hdr
 *(SORT_BY_ALIGNMENT(.eh_frame_hdr))

.eh_frame       0x0000000000000000        0x0
 *(SORT_BY_ALIGNMENT(.eh_frame))
 .eh_frame      0x0000000000000000        0x0 /usr/lib/gcc/x86_64-linux-gnu/11/libgcc.a(_popcountsi2.o)
                                         0x30 (size before relaxing)

.gcc_except_table
 *(SORT_BY_ALIGNMENT(.gcc_except_table))

.gnu_extab
 *(SORT_BY_ALIGNMENT(.gnu_extab*))

.exception_ranges
 *(SORT_BY_ALIGNMENT(.exception_ranges))

.eh_frame
 *(SORT_BY_ALIGNMENT(.eh_frame))

.gnu_extab
 *(SORT_BY_ALIGNMENT(.gnu_extab))

.gcc_except_table
 *(SORT_BY_ALIGNMENT(.gcc_except_table))

.exception_ranges
 *(SORT_BY_ALIGNMENT(.exception_ranges))

.tdata
 *(SORT_BY_ALIGNMENT(.tdata))

.tbss
 *(SORT_BY_ALIGNMENT(.tbss))

.jcr
 *(SORT_BY_ALIGNMENT(.jcr))

.dynamic
 *(SORT_BY_ALIGNMENT(.dynamic))

.got
 *(SORT_BY_ALIGNMENT(.got))

.got.plt
 *(SORT_BY_ALIGNMENT(.got.plt))

.data
 *(SORT_BY_ALIGNMENT(.data))
LOAD zephyr/CMakeFiles/zephyr_pre0.dir/misc/empty_file.c.obj
LOAD zephyr/CMakeFiles/offsets.dir/./arch/posix/core/offsets/offsets.c.obj
LOAD app/libapp.a
LOAD zephyr/libzephyr.a
LOAD zephyr/arch/common/libarch__common.a
LOAD zephyr/arch/arch/posix/core/libarch__posix__core.a
LOAD zephyr/soc/soc/native/libsoc__native__inf_clock.a
LOAD zephyr/boards/native/native_sim/libboards__native__native_sim.a
LOAD zephyr/subsys/testsuite/ztest/libsubsys__testsuite__ztest.a
LOAD zephyr/drivers/console/libdrivers__console.a
LOAD zephyr/drivers/timer/libdrivers__timer.a
LOAD zephyr/kernel/libkernel.a
LOAD /usr/lib/gcc/x86_64-linux-gnu/11/libgcc.a

.data.rel.local._char_out
                0x0000000000000000        0x8
 .data.rel.local._char_out
                0x0000000000000000        0x8 zephyr/libzephyr.a(printk.c.obj)

.data.rel.local.timestamp_func
                0x0000000000000000        0x8
 .data.rel.local.timestamp_func
                0x0000000000000000        0x8 zephyr/libzephyr.a(log_core.c.obj)

.data.rel.ro.format_table
                0x0000000000000000       0x20
 .data.rel.ro.format_table
                0x0000000000000000       0x20 zephyr/libzephyr.a(log_core.c.obj)

.data.rel.ro.local.colors
                0x0000000000000000       0x28
 .data.rel.ro.local.colors
                0x0000000000000000       0x28 zephyr/libzephyr.a(log_output.c.obj)

.data.rel.ro.local.severity
                0x0000000000000000       0x28
 .data.rel.ro.local.severity
                0x0000000000000000       0x28 zephyr/libzephyr.a(log_output.c.obj)

.data.rel.ro.local.log_backend_native_posix_api
                0x0000000000000000       0x38
 .data.rel.ro.local.log_backend_native_posix_api
                0x0000000000000000       0x38 zephyr/libzephyr.a(log_backend_native_posix.c.obj)
                0x0000000000000000                log_backend_native_posix_api

.data.rel.ro.local.log_output_posix
                0x0000000000000000       0x20
 .data.rel.ro.local.log_output_posix
                0x0000000000000000       0x20 zephyr/libzephyr.a(log_backend_native_posix.c.obj)

.data.rel.ro.native_pre_tasks.0
                0x0000000000000000       0x30
 .data.rel.ro.native_pre_tasks.0
                0x0000000000000000       0x30 zephyr/soc/soc/native/libsoc__native__inf_clock.a(native_tasks.c.obj)

.data.currently_running_irq
                0x0000000000000000        0x4
 .data.currently_running_irq
                0x0000000000000000        0x4 zephyr/boards/native/native_sim/libboards__native__native_sim.a(irq_handler.c.obj)

.data.cur_phase
                0x0000000000000000        0x4
 .data.cur_phase
                0x0000000000000000        0x4 zephyr/subsys/testsuite/ztest/libsubsys__testsuite__ztest.a(ztest.c.obj)
                0x0000000000000000                cur_phase

.data.list_once.0
                0x0000000000000000        0x1
 .data.list_once.0
                0x0000000000000000        0x1 zephyr/subsys/testsuite/ztest/libsubsys__testsuite__ztest.a(ztest_posix.c.obj)

.data.rel.local.test_filter_s.1
                0x0000000000000000       0xa8
 .data.rel.local.test_filter_s.1
                0x0000000000000000       0xa8 zephyr/subsys/testsuite/ztest/libsubsys__testsuite__ztest.a(ztest_posix.c.obj)

.data.rel.ro.local.ztest_api
                0x0000000000000000       0x18
 .data.rel.ro.local.ztest_api
                0x0000000000000000       0x18 zephyr/subsys/testsuite/ztest/libsubsys__testsuite__ztest.a(ztest_posix.c.obj)
                0x0000000000000000                ztest_api

.data.rel.ro.levels.0
                0x0000000000000000       0x30
 .data.rel.ro.levels.0
                0x0000000000000000       0x30 zephyr/kernel/libkernel.a(init.c.obj)

.data.slice_ticks
                0x0000000000000000        0x4
 .data.slice_ticks
                0x0000000000000000        0x4 zephyr/kernel/libkernel.a(timeslicing.c.obj)

.data.rel.local.timeout_list
                0x0000000000000000       0x10
 .data.rel.local.timeout_list
                0x0000000000000000       0x10 zephyr/kernel/libkernel.a(timeout.c.obj)

.native_sim_if.data
 *(SORT_BY_ALIGNMENT(.native_sim_if.data))

rom_start

initlevel       0x0000000000000010       0x30
                0x0000000000000010                __init_start = .
                0x0000000000000010                __init_EARLY_start = .
 *(SORT_BY_NAME(SORT_BY_ALIGNMENT(.z_init_EARLY_P_?_*)))
 *(SORT_BY_NAME(SORT_BY_ALIGNMENT(.z_init_EARLY_P_??_*)))
 *(SORT_BY_NAME(SORT_BY_ALIGNMENT(.z_init_EARLY_P_???_*)))
                0x0000000000000010                __init_PRE_KERNEL_1_start = .
 *(SORT_BY_NAME(SORT_BY_ALIGNMENT(.z_init_PRE_KERNEL_1_P_?_*)))
 *(SORT_BY_NAME(SORT_BY_ALIGNMENT(.z_init_PRE_KERNEL_1_P_??_*)))
 .z_init_PRE_KERNEL_1_P_99_SUB_0_
                0x0000000000000010       0x10 zephyr/drivers/console/libdrivers__console.a(posix_arch_console.c.obj)
 *(SORT_BY_NAME(SORT_BY_ALIGNMENT(.z_init_PRE_KERNEL_1_P_???_*)))
                0x0000000000000020                __init_PRE_KERNEL_2_start = .
 *(SORT_BY_NAME(SORT_BY_ALIGNMENT(.z_init_PRE_KERNEL_2_P_?_*)))
 .z_init_PRE_KERNEL_2_P_0_SUB_0_
                0x0000000000000020       0x10 zephyr/drivers/timer/libdrivers__timer.a(native_sim_timer.c.obj)
 *(SORT_BY_NAME(SORT_BY_ALIGNMENT(.z_init_PRE_KERNEL_2_P_??_*)))
 *(SORT_BY_NAME(SORT_BY_ALIGNMENT(.z_init_PRE_KERNEL_2_P_???_*)))
                0x0000000000000030                __init_POST_KERNEL_start = .
 *(SORT_BY_NAME(SORT_BY_ALIGNMENT(.z_init_POST_KERNEL_P_?_*)))
 .z_init_POST_KERNEL_P_0_SUB_0_
                0x0000000000000030       0x10 zephyr/libzephyr.a(log_core.c.obj)
 *(SORT_BY_NAME(SORT_BY_ALIGNMENT(.z_init_POST_KERNEL_P_??_*)))
 *(SORT_BY_NAME(SORT_BY_ALIGNMENT(.z_init_POST_KERNEL_P_???_*)))
                0x0000000000000040                __init_APPLICATION_start = .
 *(SORT_BY_NAME(SORT_BY_ALIGNMENT(.z_init_APPLICATION_P_?_*)))
 *(SORT_BY_NAME(SORT_BY_ALIGNMENT(.z_init_APPLICATION_P_??_*)))
 *(SORT_BY_NAME(SORT_BY_ALIGNMENT(.z_init_APPLICATION_P_???_*)))
                0x0000000000000040                __init_SMP_start = .
 *(SORT_BY_NAME(SORT_BY_ALIGNMENT(.z_init_SMP_P_?_*)))
 *(SORT_BY_NAME(SORT_BY_ALIGNMENT(.z_init_SMP_P_??_*)))
 *(SORT_BY_NAME(SORT_BY_ALIGNMENT(.z_init_SMP_P_???_*)))
                0x0000000000000040                __init_end = .

device_area     0x0000000000000040        0x0
                0x0000000000000040                _device_list_start = .
 *(SORT_BY_NAME(SORT_BY_ALIGNMENT(._device.static.*_?_*)))
 *(SORT_BY_NAME(SORT_BY_ALIGNMENT(._device.static.*_??_*)))
 *(SORT_BY_NAME(SORT_BY_ALIGNMENT(._device.static.*_???_*)))
 *(SORT_BY_NAME(SORT_BY_ALIGNMENT(._device.static.*_????_*)))
 *(SORT_BY_NAME(SORT_BY_ALIGNMENT(._device.static.*_?????_*)))
                0x0000000000000040                _device_list_end = .

initlevel_error
                0x0000000000000040        0x0
 *(SORT_BY_NAME(SORT_BY_ALIGNMENT(.z_init_*)))
                0x0000000000000001                ASSERT ((SIZEOF (initlevel_error) == 0x0), Undefined initialization levels used.)

app_shmem_regions
                0x0000000000000040        0x0
                0x0000000000000040                __app_shmem_regions_start = .
 *(SORT_BY_NAME(SORT_BY_ALIGNMENT(.app_regions.*)))
                0x0000000000000040                __app_shmem_regions_end = .

k_p4wq_initparam_area
                0x0000000000000040        0x0
                0x0000000000000040                _k_p4wq_initparam_list_start = .
 *(SORT_BY_NAME(SORT_BY_ALIGNMENT(._k_p4wq_initparam.static.*)))
                0x0000000000000040                _k_p4wq_initparam_list_end = .

_static_thread_data_area
                0x0000000000000040        0x0
                0x0000000000000040                __static_thread_data_list_start = .
 *(SORT_BY_NAME(SORT_BY_ALIGNMENT(.__static_thread_data.static.*)))
                0x0000000000000040                __static_thread_data_list_end = .

device_deps     0x0000000000000040        0x0
                0x0000000000000040                __device_deps_start = .
 *(SORT_BY_NAME(SORT_BY_ALIGNMENT(.__device_deps_pass2*)))
                0x0000000000000040                __device_deps_end = .

shared_irq_driver_api_area
                0x0000000000000040        0x0
                0x0000000000000040                _shared_irq_driver_api_list_start = .
 *(SORT_BY_NAME(SORT_BY_ALIGNMENT(._shared_irq_driver_api.static.*)))
                0x0000000000000040                _shared_irq_driver_api_list_end = .

crypto_driver_api_area
                0x0000000000000040        0x0
                0x0000000000000040                _crypto_driver_api_list_start = .
 *(SORT_BY_NAME(SORT_BY_ALIGNMENT(._crypto_driver_api.static.*)))
                0x0000000000000040                _crypto_driver_api_list_end = .

adc_driver_api_area
                0x0000000000000040        0x0
                0x0000000000000040                _adc_driver_api_list_start = .
 *(SORT_BY_NAME(SORT_BY_ALIGNMENT(._adc_driver_api.static.*)))
                0x0000000000000040                _adc_driver_api_list_end = .

auxdisplay_driver_api_area
                0x0000000000000040        0x0
                0x0000000000000040                _auxdisplay_driver_api_list_start = .
 *(SORT_BY_NAME(SORT_BY_ALIGNMENT(._auxdisplay_driver_api.static.*)))
                0x0000000000000040                _auxdisplay_driver_api_list_end = .

bbram_driver_api_area
                0x0000000000000040        0x0
                0x0000000000000040                _bbram_driver_api_list_start = .
 *(SORT_BY_NAME(SORT_BY_ALIGNMENT(._bbram_driver_api.static.*)))
                0x0000000000000040                _bbram_driver_api_list_end = .

bt_hci_driver_api_area
                0x0000000000000040        0x0
                0x0000000000000040                _bt_hci_driver_api_list_start = .
 *(SORT_BY_NAME(SORT_BY_ALIGNMENT(._bt_hci_driver_api.static.*)))
                0x0000000000000040                _bt_hci_driver_api_list_end = .

can_driver_api_area
                0x0000000000000040        0x0
                0x0000000000000040                _can_driver_api_list_start = .
 *(SORT_BY_NAME(SORT_BY_ALIGNMENT(._can_driver_api.static.*)))
                0x0000000000000040                _can_driver_api_list_end = .

cellular_driver_api_area
                0x0000000000000040        0x0
                0x0000000000000040                _cellular_driver_api_list_start = .
 *(SORT_BY_NAME(SORT_BY_ALIGNMENT(._cellular_driver_api.static.*)))
                0x0000000000000040                _cellular_driver_api_list_end = .

charger_driver_api_area
                0x0000000000000040        0x0
                0x0000000000000040                _charger_driver_api_list_start = .
 *(SORT_BY_NAME(SORT_BY_ALIGNMENT(._charger_driver_api.static.*)))
                0x0000000000000040                _charger_driver_api_list_end = .

clock_control_driver_api_area
                0x0000000000000040        0x0
                0x0000000000000040                _clock_control_driver_api_list_start = .
 *(SORT_BY_NAME(SORT_BY_ALIGNMENT(._clock_control_driver_api.static.*)))
                0x0000000000000040                _clock_control_driver_api_list_end = .

comparator_driver_api_area
                0x0000000000000040        0x0
                0x0000000000000040                _comparator_driver_api_list_start = .
 *(SORT_BY_NAME(SORT_BY_ALIGNMENT(._comparator_driver_api.static.*)))
                0x0000000000000040                _comparator_driver_api_list_end = .

coredump_driver_api_area
                0x0000000000000040        0x0
                0x0000000000000040                _coredump_driver_api_list_start = .
 *(SORT_BY_NAME(SORT_BY_ALIGNMENT(._coredump_driver_api.static.*)))
                0x0000000000000040                _coredump_driver_api_list_end = .

counter_driver_api_area
                0x0000000000000040        0x0
                0x0000000000000040                _counter_driver_api_list_start = .
 *(SORT_BY_NAME(SORT_BY_ALIGNMENT(._counter_driver_api.static.*)))
                0x0000000000000040                _counter_driver_api_list_end = .

crc_driver_api_area
                0x0000000000000040        0x0
                0x0000000000000040                _crc_driver_api_list_start = .
 *(SORT_BY_NAME(SORT_BY_ALIGNMENT(._crc_driver_api.static.*)))
                0x0000000000000040                _crc_driver_api_list_end = .

dac_driver_api_area
                0x0000000000000040        0x0
                0x0000000000000040                _dac_driver_api_list_start = .
 *(SORT_BY_NAME(SORT_BY_ALIGNMENT(._dac_driver_api.static.*)))
                0x0000000000000040                _dac_driver_api_list_end = .

dai_driver_api_area
                0x0000000000000040        0x0
                0x0000000000000040                _dai_driver_api_list_start = .
 *(SORT_BY_NAME(SORT_BY_ALIGNMENT(._dai_driver_api.static.*)))
                0x0000000000000040                _dai_driver_api_list_end = .

display_driver_api_area
                0x0000000000000040        0x0
                0x0000000000000040                _display_driver_api_list_start = .
 *(SORT_BY_NAME(SORT_BY_ALIGNMENT(._display_driver_api.static.*)))
                0x0000000000000040                _display_driver_api_list_end = .

dma_driver_api_area
                0x0000000000000040        0x0
                0x0000000000000040                _dma_driver_api_list_start = .
 *(SORT_BY_NAME(SORT_BY_ALIGNMENT(._dma_driver_api.static.*)))
                0x0000000000000040                _dma_driver_api_list_end = .

edac_driver_api_area
                0x0000000000000040        0x0
                0x0000000000000040                _edac_driver_api_list_start = .
 *(SORT_BY_NAME(SORT_BY_ALIGNMENT(._edac_driver_api.static.*)))
                0x0000000000000040                _edac_driver_api_list_end = .

eeprom_driver_api_area
                0x0000000000000040        0x0
                0x0000000000000040                _eeprom_driver_api_list_start = .
 *(SORT_BY_NAME(SORT_BY_ALIGNMENT(._eeprom_driver_api.static.*)))
                0x0000000000000040                _eeprom_driver_api_list_end = .

emul_bbram_driver_api_area
                0x0000000000000040        0x0
                0x0000000000000040                _emul_bbram_driver_api_list_start = .
 *(SORT_BY_NAME(SORT_BY_ALIGNMENT(._emul_bbram_driver_api.static.*)))
                0x0000000000000040                _emul_bbram_driver_api_list_end = .

fuel_gauge_emul_driver_api_area
                0x0000000000000040        0x0
                0x0000000000000040                _fuel_gauge_emul_driver_api_list_start = .
 *(SORT_BY_NAME(SORT_BY_ALIGNMENT(._fuel_gauge_emul_driver_api.static.*)))
                0x0000000000000040                _fuel_gauge_emul_driver_api_list_end = .

emul_sensor_driver_api_area
                0x0000000000000040        0x0
                0x0000000000000040                _emul_sensor_driver_api_list_start = .
 *(SORT_BY_NAME(SORT_BY_ALIGNMENT(._emul_sensor_driver_api.static.*)))
                0x0000000000000040                _emul_sensor_driver_api_list_end = .

entropy_driver_api_area
                0x0000000000000040        0x0
                0x0000000000000040                _entropy_driver_api_list_start = .
 *(SORT_BY_NAME(SORT_BY_ALIGNMENT(._entropy_driver_api.static.*)))
                0x0000000000000040                _entropy_driver_api_list_end = .

espi_driver_api_area
                0x0000000000000040        0x0
                0x0000000000000040                _espi_driver_api_list_start = .
 *(SORT_BY_NAME(SORT_BY_ALIGNMENT(._espi_driver_api.static.*)))
                0x0000000000000040                _espi_driver_api_list_end = .

espi_saf_driver_api_area
                0x0000000000000040        0x0
                0x0000000000000040                _espi_saf_driver_api_list_start = .
 *(SORT_BY_NAME(SORT_BY_ALIGNMENT(._espi_saf_driver_api.static.*)))
                0x0000000000000040                _espi_saf_driver_api_list_end = .

flash_driver_api_area
                0x0000000000000040        0x0
                0x0000000000000040                _flash_driver_api_list_start = .
 *(SORT_BY_NAME(SORT_BY_ALIGNMENT(._flash_driver_api.static.*)))
                0x0000000000000040                _flash_driver_api_list_end = .

fpga_driver_api_area
                0x0000000000000040        0x0
                0x0000000000000040                _fpga_driver_api_list_start = .
 *(SORT_BY_NAME(SORT_BY_ALIGNMENT(._fpga_driver_api.static.*)))
                0x0000000000000040                _fpga_driver_api_list_end = .

fuel_gauge_driver_api_area
                0x0000000000000040        0x0
                0x0000000000000040                _fuel_gauge_driver_api_list_start = .
 *(SORT_BY_NAME(SORT_BY_ALIGNMENT(._fuel_gauge_driver_api.static.*)))
                0x0000000000000040                _fuel_gauge_driver_api_list_end = .

gnss_driver_api_area
                0x0000000000000040        0x0
                0x0000000000000040                _gnss_driver_api_list_start = .
 *(SORT_BY_NAME(SORT_BY_ALIGNMENT(._gnss_driver_api.static.*)))
                0x0000000000000040                _gnss_driver_api_list_end = .

gpio_driver_api_area
                0x0000000000000040        0x0
                0x0000000000000040                _gpio_driver_api_list_start = .
 *(SORT_BY_NAME(SORT_BY_ALIGNMENT(._gpio_driver_api.static.*)))
                0x0000000000000040                _gpio_driver_api_list_end = .

haptics_driver_api_area
                0x0000000000000040        0x0
                0x0000000000000040                _haptics_driver_api_list_start = .
 *(SORT_BY_NAME(SORT_BY_ALIGNMENT(._haptics_driver_api.static.*)))
                0x0000000000000040                _haptics_driver_api_list_end = .

hwspinlock_driver_api_area
                0x0000000000000040        0x0
                0x0000000000000040                _hwspinlock_driver_api_list_start = .
 *(SORT_BY_NAME(SORT_BY_ALIGNMENT(._hwspinlock_driver_api.static.*)))
                0x0000000000000040                _hwspinlock_driver_api_list_end = .

i2c_driver_api_area
                0x0000000000000040        0x0
                0x0000000000000040                _i2c_driver_api_list_start = .
 *(SORT_BY_NAME(SORT_BY_ALIGNMENT(._i2c_driver_api.static.*)))
                0x0000000000000040                _i2c_driver_api_list_end = .

i2c_target_driver_api_area
                0x0000000000000040        0x0
                0x0000000000000040                _i2c_target_driver_api_list_start = .
 *(SORT_BY_NAME(SORT_BY_ALIGNMENT(._i2c_target_driver_api.static.*)))
                0x0000000000000040                _i2c_target_driver_api_list_end = .

i2s_driver_api_area
                0x0000000000000040        0x0
                0x0000000000000040                _i2s_driver_api_list_start = .
 *(SORT_BY_NAME(SORT_BY_ALIGNMENT(._i2s_driver_api.static.*)))
                0x0000000000000040                _i2s_driver_api_list_end = .

i3c_driver_api_area
                0x0000000000000040        0x0
                0x0000000000000040                _i3c_driver_api_list_start = .
 *(SORT_BY_NAME(SORT_BY_ALIGNMENT(._i3c_driver_api.static.*)))
                0x0000000000000040                _i3c_driver_api_list_end = .

ipm_driver_api_area
                0x0000000000000040        0x0
                0x0000000000000040                _ipm_driver_api_list_start = .
 *(SORT_BY_NAME(SORT_BY_ALIGNMENT(._ipm_driver_api.static.*)))
                0x0000000000000040                _ipm_driver_api_list_end = .

led_driver_api_area
                0x0000000000000040        0x0
                0x0000000000000040                _led_driver_api_list_start = .
 *(SORT_BY_NAME(SORT_BY_ALIGNMENT(._led_driver_api.static.*)))
                0x0000000000000040                _led_driver_api_list_end = .

led_strip_driver_api_area
                0x0000000000000040        0x0
                0x0000000000000040                _led_strip_driver_api_list_start = .
 *(SORT_BY_NAME(SORT_BY_ALIGNMENT(._led_strip_driver_api.static.*)))
                0x0000000000000040                _led_strip_driver_api_list_end = .

lora_driver_api_area
                0x0000000000000040        0x0
                0x0000000000000040                _lora_driver_api_list_start = .
 *(SORT_BY_NAME(SORT_BY_ALIGNMENT(._lora_driver_api.static.*)))
                0x0000000000000040                _lora_driver_api_list_end = .

mbox_driver_api_area
                0x0000000000000040        0x0
                0x0000000000000040                _mbox_driver_api_list_start = .
 *(SORT_BY_NAME(SORT_BY_ALIGNMENT(._mbox_driver_api.static.*)))
                0x0000000000000040                _mbox_driver_api_list_end = .

mdio_driver_api_area
                0x0000000000000040        0x0
                0x0000000000000040                _mdio_driver_api_list_start = .
 *(SORT_BY_NAME(SORT_BY_ALIGNMENT(._mdio_driver_api.static.*)))
                0x0000000000000040                _mdio_driver_api_list_end = .

mipi_dbi_driver_api_area
                0x0000000000000040        0x0
                0x0000000000000040                _mipi_dbi_driver_api_list_start = .
 *(SORT_BY_NAME(SORT_BY_ALIGNMENT(._mipi_dbi_driver_api.static.*)))
                0x0000000000000040                _mipi_dbi_driver_api_list_end = .

mipi_dsi_driver_api_area
                0x0000000000000040        0x0
                0x0000000000000040                _mipi_dsi_driver_api_list_start = .
 *(SORT_BY_NAME(SORT_BY_ALIGNMENT(._mipi_dsi_driver_api.static.*)))
                0x0000000000000040                _mipi_dsi_driver_api_list_end = .

mspi_driver_api_area
                0x0000000000000040        0x0
                0x0000000000000040                _mspi_driver_api_list_start = .
 *(SORT_BY_NAME(SORT_BY_ALIGNMENT(._mspi_driver_api.static.*)))
                0x0000000000000040                _mspi_driver_api_list_end = .

opamp_driver_api_area
                0x0000000000000040        0x0
                0x0000000000000040                _opamp_driver_api_list_start = .
 *(SORT_BY_NAME(SORT_BY_ALIGNMENT(._opamp_driver_api.static.*)))
                0x0000000000000040                _opamp_driver_api_list_end = .

peci_driver_api_area
                0x0000000000000040        0x0
                0x0000000000000040                _peci_driver_api_list_start = .
 *(SORT_BY_NAME(SORT_BY_ALIGNMENT(._peci_driver_api.static.*)))
                0x0000000000000040                _peci_driver_api_list_end = .

ps2_driver_api_area
                0x0000000000000040        0x0
                0x0000000000000040                _ps2_driver_api_list_start = .
 *(SORT_BY_NAME(SORT_BY_ALIGNMENT(._ps2_driver_api.static.*)))
                0x0000000000000040                _ps2_driver_api_list_end = .

ptp_clock_driver_api_area
                0x0000000000000040        0x0
                0x0000000000000040                _ptp_clock_driver_api_list_start = .
 *(SORT_BY_NAME(SORT_BY_ALIGNMENT(._ptp_clock_driver_api.static.*)))
                0x0000000000000040                _ptp_clock_driver_api_list_end = .

pwm_driver_api_area
                0x0000000000000040        0x0
                0x0000000000000040                _pwm_driver_api_list_start = .
 *(SORT_BY_NAME(SORT_BY_ALIGNMENT(._pwm_driver_api.static.*)))
                0x0000000000000040                _pwm_driver_api_list_end = .

regulator_parent_driver_api_area
                0x0000000000000040        0x0
                0x0000000000000040                _regulator_parent_driver_api_list_start = .
 *(SORT_BY_NAME(SORT_BY_ALIGNMENT(._regulator_parent_driver_api.static.*)))
                0x0000000000000040                _regulator_parent_driver_api_list_end = .

regulator_driver_api_area
                0x0000000000000040        0x0
                0x0000000000000040                _regulator_driver_api_list_start = .
 *(SORT_BY_NAME(SORT_BY_ALIGNMENT(._regulator_driver_api.static.*)))
                0x0000000000000040                _regulator_driver_api_list_end = .

reset_driver_api_area
                0x0000000000000040        0x0
                0x0000000000000040                _reset_driver_api_list_start = .
 *(SORT_BY_NAME(SORT_BY_ALIGNMENT(._reset_driver_api.static.*)))
                0x0000000000000040                _reset_driver_api_list_end = .

retained_mem_driver_api_area
                0x0000000000000040        0x0
                0x0000000000000040                _retained_mem_driver_api_list_start = .
 *(SORT_BY_NAME(SORT_BY_ALIGNMENT(._retained_mem_driver_api.static.*)))
                0x0000000000000040                _retained_mem_driver_api_list_end = .

rtc_driver_api_area
                0x0000000000000040        0x0
                0x0000000000000040                _rtc_driver_api_list_start = .
 *(SORT_BY_NAME(SORT_BY_ALIGNMENT(._rtc_driver_api.static.*)))
                0x0000000000000040                _rtc_driver_api_list_end = .

sdhc_driver_api_area
                0x0000000000000040        0x0
                0x0000000000000040                _sdhc_driver_api_list_start = .
 *(SORT_BY_NAME(SORT_BY_ALIGNMENT(._sdhc_driver_api.static.*)))
                0x0000000000000040                _sdhc_driver_api_list_end = .

sensor_driver_api_area
                0x0000000000000040        0x0
                0x0000000000000040                _sensor_driver_api_list_start = .
 *(SORT_BY_NAME(SORT_BY_ALIGNMENT(._sensor_driver_api.static.*)))
                0x0000000000000040                _sensor_driver_api_list_end = .

smbus_driver_api_area
                0x0000000000000040        0x0
                0x0000000000000040                _smbus_driver_api_list_start = .
 *(SORT_BY_NAME(SORT_BY_ALIGNMENT(._smbus_driver_api.static.*)))
                0x0000000000000040                _smbus_driver_api_list_end = .

spi_driver_api_area
                0x0000000000000040        0x0
                0x0000000000000040                _spi_driver_api_list_start = .
 *(SORT_BY_NAME(SORT_BY_ALIGNMENT(._spi_driver_api.static.*)))
                0x0000000000000040                _spi_driver_api_list_end = .

stepper_driver_api_area
                0x0000000000000040        0x0
                0x0000000000000040                _stepper_driver_api_list_start = .
 *(SORT_BY_NAME(SORT_BY_ALIGNMENT(._stepper_driver_api.static.*)))
                0x0000000000000040                _stepper_driver_api_list_end = .

syscon_driver_api_area
                0x0000000000000040        0x0
                0x0000000000000040                _syscon_driver_api_list_start = .
 *(SORT_BY_NAME(SORT_BY_ALIGNMENT(._syscon_driver_api.static.*)))
                0x0000000000000040                _syscon_driver_api_list_end = .

tee_driver_api_area
                0x0000000000000040        0x0
                0x0000000000000040                _tee_driver_api_list_start = .
 *(SORT_BY_NAME(SORT_BY_ALIGNMENT(._tee_driver_api.static.*)))
                0x0000000000000040                _tee_driver_api_list_end = .

video_driver_api_area
                0x0000000000000040        0x0
                0x0000000000000040                _video_driver_api_list_start = .
 *(SORT_BY_NAME(SORT_BY_ALIGNMENT(._video_driver_api.static.*)))
                0x0000000000000040                _video_driver_api_list_end = .

virtio_driver_api_area
                0x0000000000000040        0x0
                0x0000000000000040                _virtio_driver_api_list_start = .
 *(SORT_BY_NAME(SORT_BY_ALIGNMENT(._virtio_driver_api.static.*)))
                0x0000000000000040                _virtio_driver_api_list_end = .

w1_driver_api_area
                0x0000000000000040        0x0
                0x0000000000000040                _w1_driver_api_list_start = .
 *(SORT_BY_NAME(SORT_BY_ALIGNMENT(._w1_driver_api.static.*)))
                0x0000000000000040                _w1_driver_api_list_end = .

wdt_driver_api_area
                0x0000000000000040        0x0
                0x0000000000000040                _wdt_driver_api_list_start = .
 *(SORT_BY_NAME(SORT_BY_ALIGNMENT(._wdt_driver_api.static.*)))
                0x0000000000000040                _wdt_driver_api_list_end = .

can_transceiver_driver_api_area
                0x0000000000000040        0x0
                0x0000000000000040                _can_transceiver_driver_api_list_start = .
 *(SORT_BY_NAME(SORT_BY_ALIGNMENT(._can_transceiver_driver_api.static.*)))
                0x0000000000000040                _can_transceiver_driver_api_list_end = .

nrf_clock_control_driver_api_area
                0x0000000000000040        0x0
                0x0000000000000040                _nrf_clock_control_driver_api_list_start = .
 *(SORT_BY_NAME(SORT_BY_ALIGNMENT(._nrf_clock_control_driver_api.static.*)))
                0x0000000000000040                _nrf_clock_control_driver_api_list_end = .

i3c_target_driver_api_area
                0x0000000000000040        0x0